<html>
<body>
<pre>
<h1>�Vision Build Log</h1>
<h2>Tool Versions:</h2>
IDE-Version: �Vision V5.23.0.0
Copyright (C) 2017 ARM Ltd and ARM Germany GmbH. All rights reserved.
License Information: rrytyi Microsoft, Microsoft, LIC=----
 
Tool Versions:
Toolchain:       MDK-Lite  Version: 5.23
Toolchain Path:  C:\Keil_v5\ARM\ARMCC\Bin
C Compiler:      Armcc.exe V5.06 update 4 (build 422)
Assembler:       Armasm.exe V5.06 update 4 (build 422)
Linker/Locator:  ArmLink.exe V5.06 update 4 (build 422)
Library Manager: ArmAr.exe V5.06 update 4 (build 422)
Hex Converter:   FromElf.exe V5.06 update 4 (build 422)
CPU DLL:         SARMCM3.DLL V5.23
Dialog DLL:      DCM.DLL V1.15.0.0
Target DLL:      STLink\ST-LINKIII-KEIL_SWO.dll V2.0.18.0
Dialog DLL:      TCM.DLL V1.27.0.0
 
<h2>Project:</h2>
C:\Users\al.kom\Desktop\AllProject\MDK-ARM\AllProject.uvprojx
Project File Date:  06/09/2019

<h2>Output:</h2>
*** Using Compiler 'V5.06 update 4 (build 422)', folder: 'C:\Keil_v5\ARM\ARMCC\Bin'
Build target 'AllProject'
compiling main.c...
../Src/main.c(143): warning:  #550-D: variable "number"  was set but never used
  	int number = 0;
../Src/main.c(248): warning:  #177-D: variable "i"  was declared but never referenced
  	uint16_t i;
../Src/main.c(249): warning:  #177-D: variable "res"  was declared but never referenced
  	FRESULT res; //результат выполнения
../Src/main.c(251): warning:  #177-D: variable "fn"  was declared but never referenced
  	char *fn;
../Src/main.c(253): warning:  #177-D: variable "fre_clust"  was declared but never referenced
  	DWORD fre_clust, fre_sect, tot_sect;
../Src/main.c(253): warning:  #177-D: variable "fre_sect"  was declared but never referenced
  	DWORD fre_clust, fre_sect, tot_sect;
../Src/main.c(253): warning:  #177-D: variable "tot_sect"  was declared but never referenced
  	DWORD fre_clust, fre_sect, tot_sect;
../Src/main.c: 7 warnings, 0 errors
linking...
Program Size: Code=21508 RO-data=1756 RW-data=708 ZI-data=29580  
FromELF: creating hex file...
"AllProject\AllProject.axf" - 0 Error(s), 7 Warning(s).

<h2>Software Packages used:</h2>

Package Vendor: ARM
                http://www.keil.com/pack/ARM.CMSIS.5.0.1.pack
                ARM::CMSIS:CORE:5.0.1
                CMSIS (Cortex Microcontroller Software Interface Standard)
   * Component: CORE Version: 5.0.1

<h2>Collection of Component include folders:</h2>
  .\RTE\_AllProject
  C:\Keil_v5\ARM\PACK\ARM\CMSIS\5.0.1\CMSIS\Include
  C:\Keil_v5\ARM\PACK\Keil\STM32F1xx_DFP\2.2.0\Device\Include

<h2>Collection of Component Files used:</h2>

   * Component: ARM::CMSIS:CORE:5.0.1
Build Time Elapsed:  00:00:04
</pre>
</body>
</html>
