<html>
<body>
<pre>
<h1>�Vision Build Log</h1>
<h2>Tool Versions:</h2>
IDE-Version: �Vision V5.23.0.0
Copyright (C) 2017 ARM Ltd and ARM Germany GmbH. All rights reserved.
License Information: rrytyi Microsoft, Microsoft, LIC=----
 
Tool Versions:
Toolchain:       MDK-Lite  Version: 5.23
Toolchain Path:  C:\Keil_v5\ARM\ARMCC\Bin
C Compiler:      Armcc.exe V5.06 update 4 (build 422)
Assembler:       Armasm.exe V5.06 update 4 (build 422)
Linker/Locator:  ArmLink.exe V5.06 update 4 (build 422)
Library Manager: ArmAr.exe V5.06 update 4 (build 422)
Hex Converter:   FromElf.exe V5.06 update 4 (build 422)
CPU DLL:         SARMCM3.DLL V5.23
Dialog DLL:      DCM.DLL V1.15.0.0
Target DLL:      STLink\ST-LINKIII-KEIL_SWO.dll V2.0.18.0
Dialog DLL:      TCM.DLL V1.27.0.0
 
<h2>Project:</h2>
C:\Users\al.kom\Desktop\AllProject\MDK-ARM\AllProject.uvprojx
Project File Date:  06/06/2019

<h2>Output:</h2>
*** Using Compiler 'V5.06 update 4 (build 422)', folder: 'C:\Keil_v5\ARM\ARMCC\Bin'
Build target 'AllProject'
compiling main.c...
../Src/main.c(142): warning:  #550-D: variable "number"  was set but never used
  	int number = 0;
../Src/main.c(487): warning:  #177-D: variable "x"  was declared but never referenced
  						int x = 0;
../Src/main.c(247): warning:  #177-D: variable "i"  was declared but never referenced
  	uint16_t i;
../Src/main.c(248): warning:  #177-D: variable "res"  was declared but never referenced
  	FRESULT res; //результат выполнения
../Src/main.c(250): warning:  #177-D: variable "fn"  was declared but never referenced
  	char *fn;
../Src/main.c(252): warning:  #177-D: variable "fre_clust"  was declared but never referenced
  	DWORD fre_clust, fre_sect, tot_sect;
../Src/main.c(252): warning:  #177-D: variable "fre_sect"  was declared but never referenced
  	DWORD fre_clust, fre_sect, tot_sect;
../Src/main.c(252): warning:  #177-D: variable "tot_sect"  was declared but never referenced
  	DWORD fre_clust, fre_sect, tot_sect;
../Src/main.c: 8 warnings, 0 errors
compiling user_diskio.c...
../Src/user_diskio.c(137): warning:  #111-D: statement is unreachable
    return RES_OK;
../Src/user_diskio.c: 1 warning, 0 errors
compiling fatfs.c...
compiling Delay.c...
compiling stm32f1xx_it.c...
compiling stm32f1xx_hal_msp.c...
compiling Encoder.c...
compiling Lcd.c...
compiling sd.c...
compiling stm32f1xx_hal_gpio_ex.c...
compiling ws2812b.c...
compiling stm32f1xx_hal_spi.c...
compiling stm32f1xx_hal_spi_ex.c...
compiling stm32f1xx_hal_tim_ex.c...
compiling stm32f1xx_hal_tim.c...
compiling stm32f1xx_hal.c...
compiling stm32f1xx_hal_rcc.c...
compiling stm32f1xx_hal_rcc_ex.c...
compiling stm32f1xx_hal_gpio.c...
compiling stm32f1xx_hal_dma.c...
compiling stm32f1xx_hal_cortex.c...
compiling stm32f1xx_hal_pwr.c...
compiling stm32f1xx_hal_flash.c...
compiling stm32f1xx_hal_flash_ex.c...
compiling system_stm32f1xx.c...
compiling diskio.c...
compiling ff.c...
compiling ff_gen_drv.c...
compiling syscall.c...
compiling ccsbcs.c...
linking...
Program Size: Code=28248 RO-data=1764 RW-data=724 ZI-data=21388  
FromELF: creating hex file...
"AllProject\AllProject.axf" - 0 Error(s), 9 Warning(s).

<h2>Software Packages used:</h2>

Package Vendor: ARM
                http://www.keil.com/pack/ARM.CMSIS.5.0.1.pack
                ARM::CMSIS:CORE:5.0.1
                CMSIS (Cortex Microcontroller Software Interface Standard)
   * Component: CORE Version: 5.0.1

<h2>Collection of Component include folders:</h2>
  .\RTE\_AllProject
  C:\Keil_v5\ARM\PACK\ARM\CMSIS\5.0.1\CMSIS\Include
  C:\Keil_v5\ARM\PACK\Keil\STM32F1xx_DFP\2.2.0\Device\Include

<h2>Collection of Component Files used:</h2>

   * Component: ARM::CMSIS:CORE:5.0.1
Build Time Elapsed:  00:00:52
</pre>
</body>
</html>
