Component: ARM Compiler 5.06 update 4 (build 422) Tool: armlink [4d35d2]

==============================================================================

Section Cross References

    startup_stm32f103xe.o(RESET) refers to startup_stm32f103xe.o(STACK) for __initial_sp
    startup_stm32f103xe.o(RESET) refers to startup_stm32f103xe.o(.text) for Reset_Handler
    startup_stm32f103xe.o(RESET) refers to stm32f1xx_it.o(.text) for NMI_Handler
    startup_stm32f103xe.o(RESET) refers to encoder.o(.text) for EXTI0_IRQHandler
    startup_stm32f103xe.o(.text) refers to system_stm32f1xx.o(.text) for SystemInit
    startup_stm32f103xe.o(.text) refers to entry.o(.ARM.Collect$$$$00000000) for __main
    main.o(.text) refers to lcd.o(.text) for ClearLCDScreen
    main.o(.text) refers to ff.o(.text) for f_open
    main.o(.text) refers to delay.o(.text) for delay_ms
    main.o(.text) refers to ws2812b.o(.text) for ws2812_pixel_rgb_to_buf_dma
    main.o(.text) refers to stm32f1xx_hal_tim.o(.text) for HAL_TIM_PWM_Start_DMA
    main.o(.text) refers to memseta.o(.text) for __aeabi_memclr4
    main.o(.text) refers to stm32f1xx_hal_tim_ex.o(.text) for HAL_TIMEx_MasterConfigSynchronization
    main.o(.text) refers to stm32f1xx_hal_msp.o(.text) for HAL_TIM_MspPostInit
    main.o(.text) refers to stm32f1xx_hal_spi_ex.o(.text) for HAL_SPI_Init
    main.o(.text) refers to stm32f1xx_hal_cortex.o(.text) for HAL_NVIC_SetPriority
    main.o(.text) refers to stm32f1xx_hal_gpio.o(.text) for HAL_GPIO_WritePin
    main.o(.text) refers to stm32f1xx_hal_rcc.o(.text) for HAL_RCC_OscConfig
    main.o(.text) refers to encoder.o(.data) for EncoderCount
    main.o(.text) refers to main.o(.data) for menus
    main.o(.text) refers to main.o(.bss) for sect
    main.o(.text) refers to ws2812b.o(.bss) for BUF_DMA
    main.o(.text) refers to stm32f1xx_hal.o(.text) for HAL_Init
    main.o(.text) refers to fatfs.o(.text) for MX_FATFS_Init
    main.o(.text) refers to encoder.o(.text) for Encoder_Init
    main.o(.text) refers to diskio.o(.text) for disk_initialize
    main.o(.text) refers to strlen.o(.text) for strlen
    main.o(.text) refers to strstr.o(.text) for strstr
    main.o(.text) refers to strpbrk.o(.text) for strpbrk
    main.o(.text) refers to strncpy.o(.text) for strncpy
    main.o(.text) refers to malloc.o(i.malloc) for malloc
    main.o(.text) refers to strcpy.o(.text) for strcpy
    main.o(.text) refers to strcat.o(.text) for strcat
    main.o(.text) refers to malloc.o(i.free) for free
    main.o(.text) refers to fatfs.o(.data) for USERPath
    main.o(.text) refers to sd.o(.data) for Timer1
    user_diskio.o(.text) refers to sd.o(.text) for SD_PowerOn
    user_diskio.o(.text) refers to stm32f1xx_hal_gpio.o(.text) for HAL_GPIO_WritePin
    user_diskio.o(.text) refers to user_diskio.o(.data) for Stat
    user_diskio.o(.text) refers to sd.o(.data) for sdinfo
    user_diskio.o(.data) refers to user_diskio.o(.text) for USER_initialize
    fatfs.o(.text) refers to ff_gen_drv.o(.text) for FATFS_LinkDriver
    fatfs.o(.text) refers to fatfs.o(.data) for USERPath
    fatfs.o(.text) refers to user_diskio.o(.data) for USER_Driver
    stm32f1xx_it.o(.text) refers to stm32f1xx_hal.o(.text) for HAL_IncTick
    stm32f1xx_it.o(.text) refers to stm32f1xx_hal_tim.o(.text) for HAL_TIM_PWM_Stop_DMA
    stm32f1xx_it.o(.text) refers to stm32f1xx_hal_dma.o(.text) for HAL_DMA_IRQHandler
    stm32f1xx_it.o(.text) refers to main.o(.bss) for htim3
    stm32f1xx_hal_msp.o(.text) refers to stm32f1xx_hal_gpio.o(.text) for HAL_GPIO_Init
    stm32f1xx_hal_msp.o(.text) refers to stm32f1xx_hal_cortex.o(.text) for HAL_NVIC_SetPriority
    stm32f1xx_hal_msp.o(.text) refers to stm32f1xx_hal_dma.o(.text) for HAL_DMA_Init
    stm32f1xx_hal_msp.o(.text) refers to main.o(.text) for Error_Handler
    stm32f1xx_hal_msp.o(.text) refers to main.o(.bss) for hdma_tim3_ch4_up
    stm32f1xx_hal_msp.o(.text) refers to stm32f1xx_hal_gpio.o(.text) for HAL_GPIO_DeInit
    stm32f1xx_hal_msp.o(.text) refers to stm32f1xx_hal_cortex.o(.text) for HAL_NVIC_DisableIRQ
    stm32f1xx_hal_msp.o(.text) refers to stm32f1xx_hal_dma.o(.text) for HAL_DMA_DeInit
    encoder.o(.text) refers to stm32f1xx_hal_gpio.o(.text) for HAL_GPIO_Init
    encoder.o(.text) refers to delay.o(.text) for delay_ms
    encoder.o(.text) refers to encoder.o(.data) for EncoderCount
    encoder.o(.text) refers to encoder.o(.bss) for Pins
    lcd.o(.text) refers to delay.o(.text) for delay_us
    lcd.o(.text) refers to stm32f1xx_hal_gpio.o(.text) for HAL_GPIO_Init
    lcd.o(.text) refers to printf1.o(i.__0sprintf$1) for __2sprintf
    sd.o(.text) refers to stm32f1xx_hal_spi.o(.text) for HAL_SPI_TransmitReceive
    sd.o(.text) refers to stm32f1xx_hal_gpio.o(.text) for HAL_GPIO_WritePin
    sd.o(.text) refers to stm32f1xx_hal_spi_ex.o(.text) for HAL_SPI_Init
    sd.o(.text) refers to main.o(.bss) for hspi2
    sd.o(.text) refers to sd.o(.data) for Timer1
    ws2812b.o(.text) refers to ws2812b.o(.bss) for BUF_DMA
[...]
    dadd.o(.text) refers to llsshr.o(.text) for __aeabi_lasr
    dadd.o(.text) refers to depilogue.o(.text) for _double_epilogue
    dmul.o(.text) refers to depilogue.o(.text) for _double_epilogue
    ddiv.o(.text) refers to depilogue.o(.text) for _double_round
    dfixul.o(.text) refers to llushr.o(.text) for __aeabi_llsr
    dfixul.o(.text) refers to llshl.o(.text) for __aeabi_llsl
    init.o(.text) refers to entry5.o(.ARM.Collect$$$$00000004) for __main_after_scatterload
    depilogue.o(.text) refers to llshl.o(.text) for __aeabi_llsl
    depilogue.o(.text) refers to llushr.o(.text) for __aeabi_llsr


==============================================================================

Removing Unused input sections from the image.

    Removing main.o(.rev16_text), (4 bytes).
    Removing main.o(.revsh_text), (4 bytes).
    Removing main.o(.rrx_text), (6 bytes).
    Removing user_diskio.o(.rev16_text), (4 bytes).
    Removing user_diskio.o(.revsh_text), (4 bytes).
    Removing user_diskio.o(.rrx_text), (6 bytes).
    Removing fatfs.o(.rev16_text), (4 bytes).
    Removing fatfs.o(.revsh_text), (4 bytes).
    Removing fatfs.o(.rrx_text), (6 bytes).
    Removing fatfs.o(.bss), (8284 bytes).
    Removing stm32f1xx_it.o(.rev16_text), (4 bytes).
    Removing stm32f1xx_it.o(.revsh_text), (4 bytes).
    Removing stm32f1xx_it.o(.rrx_text), (6 bytes).
    Removing stm32f1xx_hal_msp.o(.rev16_text), (4 bytes).
    Removing stm32f1xx_hal_msp.o(.revsh_text), (4 bytes).
    Removing stm32f1xx_hal_msp.o(.rrx_text), (6 bytes).
    Removing stm32f1xx_hal_msp.o(.text), (48 bytes).
    Removing stm32f1xx_hal_msp.o(.text), (76 bytes).
    Removing delay.o(.rev16_text), (4 bytes).
    Removing delay.o(.revsh_text), (4 bytes).
    Removing delay.o(.rrx_text), (6 bytes).
    Removing delay.o(.bss), (48 bytes).
    Removing encoder.o(.rev16_text), (4 bytes).
    Removing encoder.o(.revsh_text), (4 bytes).
    Removing encoder.o(.rrx_text), (6 bytes).
    Removing lcd.o(.rev16_text), (4 bytes).
    Removing lcd.o(.revsh_text), (4 bytes).
    Removing lcd.o(.rrx_text), (6 bytes).
    Removing sd.o(.rev16_text), (4 bytes).
    Removing sd.o(.revsh_text), (4 bytes).
    Removing sd.o(.rrx_text), (6 bytes).
    Removing ws2812b.o(.rev16_text), (4 bytes).
    Removing ws2812b.o(.revsh_text), (4 bytes).
    Removing ws2812b.o(.rrx_text), (6 bytes).
    Removing ws2812b.o(.text), (28 bytes).
    Removing stm32f1xx_hal_gpio_ex.o(.rev16_text), (4 bytes).
    Removing stm32f1xx_hal_gpio_ex.o(.revsh_text), (4 bytes).
    Removing stm32f1xx_hal_gpio_ex.o(.rrx_text), (6 bytes).
    Removing stm32f1xx_hal_gpio_ex.o(.text), (24 bytes).
    Removing stm32f1xx_hal_gpio_ex.o(.text), (20 bytes).
    Removing stm32f1xx_hal_gpio_ex.o(.text), (20 bytes).
    Removing stm32f1xx_hal_spi.o(.rev16_text), (4 bytes).
    Removing stm32f1xx_hal_spi.o(.revsh_text), (4 bytes).
    Removing stm32f1xx_hal_spi.o(.rrx_text), (6 bytes).
    Removing stm32f1xx_hal_spi.o(.text), (2 bytes).
    Removing stm32f1xx_hal_spi.o(.text), (54 bytes).
    Removing stm32f1xx_hal_spi.o(.text), (422 bytes).
    Removing stm32f1xx_hal_spi.o(.text), (364 bytes).
    Removing stm32f1xx_hal_spi.o(.text), (184 bytes).
    Removing stm32f1xx_hal_spi.o(.text), (200 bytes).
    Removing stm32f1xx_hal_spi.o(.text), (204 bytes).
    Removing stm32f1xx_hal_spi.o(.text), (220 bytes).
    Removing stm32f1xx_hal_spi.o(.text), (324 bytes).
    Removing stm32f1xx_hal_spi.o(.text), (252 bytes).
    Removing stm32f1xx_hal_spi.o(.text), (240 bytes).
    Removing stm32f1xx_hal_spi.o(.text), (296 bytes).
    Removing stm32f1xx_hal_spi.o(.text), (50 bytes).
    Removing stm32f1xx_hal_spi.o(.text), (50 bytes).
    Removing stm32f1xx_hal_spi.o(.text), (46 bytes).
    Removing stm32f1xx_hal_spi.o(.text), (280 bytes).
    Removing stm32f1xx_hal_spi.o(.text), (8 bytes).
    Removing stm32f1xx_hal_spi.o(.text), (6 bytes).
    Removing stm32f1xx_hal_spi.o(.text), (6 bytes).
    Removing stm32f1xx_hal_spi_ex.o(.rev16_text), (4 bytes).
    Removing stm32f1xx_hal_spi_ex.o(.revsh_text), (4 bytes).
    Removing stm32f1xx_hal_spi_ex.o(.rrx_text), (6 bytes).
    Removing stm32f1xx_hal_tim.o(.rev16_text), (4 bytes).
    Removing stm32f1xx_hal_tim.o(.revsh_text), (4 bytes).
    Removing stm32f1xx_hal_tim.o(.rrx_text), (6 bytes).
    Removing stm32f1xx_hal_tim.o(.text), (2 bytes).
    Removing stm32f1xx_hal_tim.o(.text), (70 bytes).
    Removing stm32f1xx_hal_tim.o(.text), (30 bytes).
    Removing stm32f1xx_hal_tim.o(.text), (56 bytes).
    Removing stm32f1xx_hal_tim.o(.text), (56 bytes).
    Removing stm32f1xx_hal_tim.o(.text), (104 bytes).
    Removing stm32f1xx_hal_tim.o(.text), (62 bytes).
    Removing stm32f1xx_hal_tim.o(.text), (2 bytes).
    Removing stm32f1xx_hal_tim.o(.text), (52 bytes).
    Removing stm32f1xx_hal_tim.o(.text), (2 bytes).
    Removing stm32f1xx_hal_tim.o(.text), (70 bytes).
    Removing stm32f1xx_hal_tim.o(.text), (76 bytes).
    Removing stm32f1xx_hal_tim.o(.text), (128 bytes).
    Removing stm32f1xx_hal_tim.o(.text), (152 bytes).
    Removing stm32f1xx_hal_tim.o(.text), (204 bytes).
    Removing stm32f1xx_hal_tim.o(.text), (312 bytes).
    Removing stm32f1xx_hal_tim.o(.text), (212 bytes).
    Removing stm32f1xx_hal_tim.o(.text), (2 bytes).
    Removing stm32f1xx_hal_tim.o(.text), (70 bytes).
    Removing stm32f1xx_hal_tim.o(.text), (76 bytes).
    Removing stm32f1xx_hal_tim.o(.text), (136 bytes).
    Removing stm32f1xx_hal_tim.o(.text), (152 bytes).
    Removing stm32f1xx_hal_tim.o(.text), (204 bytes).
    Removing stm32f1xx_hal_tim.o(.text), (2 bytes).
    Removing stm32f1xx_hal_tim.o(.text), (52 bytes).
    Removing stm32f1xx_hal_tim.o(.text), (2 bytes).
    Removing stm32f1xx_hal_tim.o(.text), (70 bytes).
    Removing stm32f1xx_hal_tim.o(.text), (32 bytes).
    Removing stm32f1xx_hal_tim.o(.text), (58 bytes).
    Removing stm32f1xx_hal_tim.o(.text), (108 bytes).
    Removing stm32f1xx_hal_tim.o(.text), (134 bytes).
    Removing stm32f1xx_hal_tim.o(.text), (70 bytes).
    Removing stm32f1xx_hal_tim.o(.text), (268 bytes).
    Removing stm32f1xx_hal_tim.o(.text), (140 bytes).
    Removing stm32f1xx_hal_tim.o(.text), (2 bytes).
    Removing stm32f1xx_hal_tim.o(.text), (76 bytes).
    Removing stm32f1xx_hal_tim.o(.text), (2 bytes).
    Removing stm32f1xx_hal_tim.o(.text), (70 bytes).
    Removing stm32f1xx_hal_tim.o(.text), (76 bytes).
    Removing stm32f1xx_hal_tim.o(.text), (140 bytes).
    Removing stm32f1xx_hal_tim.o(.text), (100 bytes).
    Removing stm32f1xx_hal_tim.o(.text), (164 bytes).
    Removing stm32f1xx_hal_tim.o(.text), (2 bytes).
    Removing stm32f1xx_hal_tim.o(.text), (180 bytes).
    Removing stm32f1xx_hal_tim.o(.text), (2 bytes).
    Removing stm32f1xx_hal_tim.o(.text), (70 bytes).
    Removing stm32f1xx_hal_tim.o(.text), (78 bytes).
    Removing stm32f1xx_hal_tim.o(.text), (104 bytes).
    Removing stm32f1xx_hal_tim.o(.text), (126 bytes).
    Removing stm32f1xx_hal_tim.o(.text), (152 bytes).
    Removing stm32f1xx_hal_tim.o(.text), (328 bytes).
    Removing stm32f1xx_hal_tim.o(.text), (152 bytes).
    Removing stm32f1xx_hal_tim.o(.text), (116 bytes).
    Removing stm32f1xx_hal_tim.o(.text), (128 bytes).
    Removing stm32f1xx_hal_tim.o(.text), (224 bytes).
    Removing stm32f1xx_hal_tim.o(.text), (286 bytes).
    Removing stm32f1xx_hal_tim.o(.text), (388 bytes).
    Removing stm32f1xx_hal_tim.o(.text), (128 bytes).
    Removing stm32f1xx_hal_tim.o(.text), (388 bytes).
    Removing stm32f1xx_hal_tim.o(.text), (128 bytes).
    Removing stm32f1xx_hal_tim.o(.text), (54 bytes).
    Removing stm32f1xx_hal_tim.o(.text), (248 bytes).
    Removing stm32f1xx_hal_tim.o(.text), (24 bytes).
    Removing stm32f1xx_hal_tim.o(.text), (86 bytes).
    Removing stm32f1xx_hal_tim.o(.text), (86 bytes).
    Removing stm32f1xx_hal_tim.o(.text), (84 bytes).
    Removing stm32f1xx_hal_tim.o(.text), (8 bytes).
    Removing stm32f1xx_hal_tim.o(.text), (8 bytes).
    Removing stm32f1xx_hal_tim.o(.text), (8 bytes).
    Removing stm32f1xx_hal_tim.o(.text), (8 bytes).
    Removing stm32f1xx_hal_tim.o(.text), (8 bytes).
    Removing stm32f1xx_hal_tim.o(.text), (8 bytes).
    Removing stm32f1xx_hal_tim_ex.o(.rev16_text), (4 bytes).
    Removing stm32f1xx_hal_tim_ex.o(.revsh_text), (4 bytes).
    Removing stm32f1xx_hal_tim_ex.o(.rrx_text), (6 bytes).
    Removing stm32f1xx_hal_tim_ex.o(.text), (2 bytes).
    Removing stm32f1xx_hal_tim_ex.o(.text), (208 bytes).
    Removing stm32f1xx_hal_tim_ex.o(.text), (2 bytes).
    Removing stm32f1xx_hal_tim_ex.o(.text), (70 bytes).
    Removing stm32f1xx_hal_tim_ex.o(.text), (30 bytes).
    Removing stm32f1xx_hal_tim_ex.o(.text), (56 bytes).
    Removing stm32f1xx_hal_tim_ex.o(.text), (42 bytes).
    Removing stm32f1xx_hal_tim_ex.o(.text), (68 bytes).
    Removing stm32f1xx_hal_tim_ex.o(.text), (112 bytes).
    Removing stm32f1xx_hal_tim_ex.o(.text), (68 bytes).
    Removing stm32f1xx_hal_tim_ex.o(.text), (44 bytes).
    Removing stm32f1xx_hal_tim_ex.o(.text), (96 bytes).
    Removing stm32f1xx_hal_tim_ex.o(.text), (114 bytes).
    Removing stm32f1xx_hal_tim_ex.o(.text), (180 bytes).
    Removing stm32f1xx_hal_tim_ex.o(.text), (232 bytes).
    Removing stm32f1xx_hal_tim_ex.o(.text), (160 bytes).
    Removing stm32f1xx_hal_tim_ex.o(.text), (44 bytes).
    Removing stm32f1xx_hal_tim_ex.o(.text), (96 bytes).
    Removing stm32f1xx_hal_tim_ex.o(.text), (114 bytes).
    Removing stm32f1xx_hal_tim_ex.o(.text), (180 bytes).
    Removing stm32f1xx_hal_tim_ex.o(.text), (232 bytes).
    Removing stm32f1xx_hal_tim_ex.o(.text), (160 bytes).
    Removing stm32f1xx_hal_tim_ex.o(.text), (32 bytes).
    Removing stm32f1xx_hal_tim_ex.o(.text), (96 bytes).
    Removing stm32f1xx_hal_tim_ex.o(.text), (56 bytes).
    Removing stm32f1xx_hal_tim_ex.o(.text), (120 bytes).
    Removing stm32f1xx_hal_tim_ex.o(.text), (110 bytes).
    Removing stm32f1xx_hal_tim_ex.o(.text), (122 bytes).
    Removing stm32f1xx_hal_tim_ex.o(.text), (20 bytes).
    Removing stm32f1xx_hal_tim_ex.o(.text), (144 bytes).
    Removing stm32f1xx_hal_tim_ex.o(.text), (126 bytes).
    Removing stm32f1xx_hal_tim_ex.o(.text), (8 bytes).
    Removing stm32f1xx_hal.o(.rev16_text), (4 bytes).
    Removing stm32f1xx_hal.o(.revsh_text), (4 bytes).
    Removing stm32f1xx_hal.o(.rrx_text), (6 bytes).
    Removing stm32f1xx_hal.o(.text), (2 bytes).
    Removing stm32f1xx_hal.o(.text), (36 bytes).
    Removing stm32f1xx_hal.o(.text), (12 bytes).
    Removing stm32f1xx_hal.o(.text), (40 bytes).
    Removing stm32f1xx_hal.o(.text), (12 bytes).
    Removing stm32f1xx_hal.o(.text), (40 bytes).
    Removing stm32f1xx_hal.o(.text), (18 bytes).
    Removing stm32f1xx_hal.o(.text), (18 bytes).
    Removing stm32f1xx_hal.o(.text), (8 bytes).
    Removing stm32f1xx_hal.o(.text), (12 bytes).
    Removing stm32f1xx_hal.o(.text), (16 bytes).
    Removing stm32f1xx_hal.o(.text), (20 bytes).
    Removing stm32f1xx_hal.o(.text), (20 bytes).
    Removing stm32f1xx_hal.o(.text), (20 bytes).
    Removing stm32f1xx_hal.o(.text), (20 bytes).
    Removing stm32f1xx_hal.o(.text), (20 bytes).
    Removing stm32f1xx_hal.o(.text), (20 bytes).
    Removing stm32f1xx_hal.o(.text), (28 bytes).
    Removing stm32f1xx_hal_rcc.o(.rev16_text), (4 bytes).
    Removing stm32f1xx_hal_rcc.o(.revsh_text), (4 bytes).
    Removing stm32f1xx_hal_rcc.o(.rrx_text), (6 bytes).
    Removing stm32f1xx_hal_rcc.o(.text), (264 bytes).
    Removing stm32f1xx_hal_rcc.o(.text), (100 bytes).
    Removing stm32f1xx_hal_rcc.o(.text), (12 bytes).
    Removing stm32f1xx_hal_rcc.o(.text), (12 bytes).
    Removing stm32f1xx_hal_rcc.o(.text), (12 bytes).
    Removing stm32f1xx_hal_rcc.o(.text), (32 bytes).
    Removing stm32f1xx_hal_rcc.o(.text), (32 bytes).
    Removing stm32f1xx_hal_rcc.o(.text), (200 bytes).
    Removing stm32f1xx_hal_rcc.o(.text), (68 bytes).
    Removing stm32f1xx_hal_rcc.o(.text), (2 bytes).
    Removing stm32f1xx_hal_rcc.o(.text), (32 bytes).
    Removing stm32f1xx_hal_rcc_ex.o(.rev16_text), (4 bytes).
    Removing stm32f1xx_hal_rcc_ex.o(.revsh_text), (4 bytes).
    Removing stm32f1xx_hal_rcc_ex.o(.rrx_text), (6 bytes).
    Removing stm32f1xx_hal_rcc_ex.o(.text), (304 bytes).
    Removing stm32f1xx_hal_rcc_ex.o(.text), (84 bytes).
    Removing stm32f1xx_hal_rcc_ex.o(.text), (316 bytes).
    Removing stm32f1xx_hal_gpio.o(.rev16_text), (4 bytes).
    Removing stm32f1xx_hal_gpio.o(.revsh_text), (4 bytes).
    Removing stm32f1xx_hal_gpio.o(.rrx_text), (6 bytes).
    Removing stm32f1xx_hal_gpio.o(.text), (344 bytes).
    Removing stm32f1xx_hal_gpio.o(.text), (8 bytes).
    Removing stm32f1xx_hal_gpio.o(.text), (46 bytes).
    Removing stm32f1xx_hal_gpio.o(.text), (2 bytes).
    Removing stm32f1xx_hal_gpio.o(.text), (28 bytes).
    Removing stm32f1xx_hal_dma.o(.rev16_text), (4 bytes).
    Removing stm32f1xx_hal_dma.o(.revsh_text), (4 bytes).
    Removing stm32f1xx_hal_dma.o(.rrx_text), (6 bytes).
    Removing stm32f1xx_hal_dma.o(.text), (140 bytes).
    Removing stm32f1xx_hal_dma.o(.text), (114 bytes).
    Removing stm32f1xx_hal_dma.o(.text), (58 bytes).
    Removing stm32f1xx_hal_dma.o(.text), (424 bytes).
    Removing stm32f1xx_hal_dma.o(.text), (1620 bytes).
    Removing stm32f1xx_hal_dma.o(.text), (90 bytes).
    Removing stm32f1xx_hal_dma.o(.text), (106 bytes).
    Removing stm32f1xx_hal_dma.o(.text), (8 bytes).
    Removing stm32f1xx_hal_dma.o(.text), (6 bytes).
    Removing stm32f1xx_hal_cortex.o(.rev16_text), (4 bytes).
    Removing stm32f1xx_hal_cortex.o(.revsh_text), (4 bytes).
    Removing stm32f1xx_hal_cortex.o(.rrx_text), (6 bytes).
    Removing stm32f1xx_hal_cortex.o(.text), (28 bytes).
    Removing stm32f1xx_hal_cortex.o(.text), (68 bytes).
    Removing stm32f1xx_hal_cortex.o(.text), (8 bytes).
    Removing stm32f1xx_hal_cortex.o(.text), (148 bytes).
    Removing stm32f1xx_hal_cortex.o(.text), (28 bytes).
    Removing stm32f1xx_hal_cortex.o(.text), (40 bytes).
    Removing stm32f1xx_hal_cortex.o(.text), (28 bytes).
    Removing stm32f1xx_hal_cortex.o(.text), (40 bytes).
    Removing stm32f1xx_hal_cortex.o(.text), (40 bytes).
    Removing stm32f1xx_hal_cortex.o(.text), (2 bytes).
    Removing stm32f1xx_hal_cortex.o(.text), (8 bytes).
    Removing stm32f1xx_hal_pwr.o(.rev16_text), (4 bytes).
    Removing stm32f1xx_hal_pwr.o(.revsh_text), (4 bytes).
    Removing stm32f1xx_hal_pwr.o(.rrx_text), (6 bytes).
    Removing stm32f1xx_hal_pwr.o(.text), (6 bytes).
    Removing stm32f1xx_hal_pwr.o(.text), (28 bytes).
    Removing stm32f1xx_hal_pwr.o(.text), (12 bytes).
    Removing stm32f1xx_hal_pwr.o(.text), (12 bytes).
    Removing stm32f1xx_hal_pwr.o(.text), (180 bytes).
    Removing stm32f1xx_hal_pwr.o(.text), (12 bytes).
    Removing stm32f1xx_hal_pwr.o(.text), (12 bytes).
    Removing stm32f1xx_hal_pwr.o(.text), (28 bytes).
    Removing stm32f1xx_hal_pwr.o(.text), (28 bytes).
    Removing stm32f1xx_hal_pwr.o(.text), (32 bytes).
    Removing stm32f1xx_hal_pwr.o(.text), (84 bytes).
    Removing stm32f1xx_hal_pwr.o(.text), (40 bytes).
    Removing stm32f1xx_hal_pwr.o(.text), (20 bytes).
    Removing stm32f1xx_hal_pwr.o(.text), (20 bytes).
    Removing stm32f1xx_hal_pwr.o(.text), (20 bytes).
    Removing stm32f1xx_hal_pwr.o(.text), (20 bytes).
    Removing stm32f1xx_hal_pwr.o(.text), (2 bytes).
    Removing stm32f1xx_hal_pwr.o(.text), (32 bytes).
    Removing stm32f1xx_hal_flash.o(.rev16_text), (4 bytes).
    Removing stm32f1xx_hal_flash.o(.revsh_text), (4 bytes).
    Removing stm32f1xx_hal_flash.o(.rrx_text), (6 bytes).
    Removing stm32f1xx_hal_flash.o(.text), (156 bytes).
    Removing stm32f1xx_hal_flash.o(.text), (112 bytes).
    Removing stm32f1xx_hal_flash.o(.text), (176 bytes).
    Removing stm32f1xx_hal_flash.o(.text), (124 bytes).
    Removing stm32f1xx_hal_flash.o(.text), (2 bytes).
    Removing stm32f1xx_hal_flash.o(.text), (2 bytes).
    Removing stm32f1xx_hal_flash.o(.text), (384 bytes).
    Removing stm32f1xx_hal_flash.o(.text), (48 bytes).
    Removing stm32f1xx_hal_flash.o(.text), (20 bytes).
    Removing stm32f1xx_hal_flash.o(.text), (44 bytes).
    Removing stm32f1xx_hal_flash.o(.text), (20 bytes).
    Removing stm32f1xx_hal_flash.o(.text), (8 bytes).
    Removing stm32f1xx_hal_flash.o(.text), (12 bytes).
    Removing stm32f1xx_hal_flash.o(.bss), (32 bytes).
    Removing stm32f1xx_hal_flash_ex.o(.rev16_text), (4 bytes).
    Removing stm32f1xx_hal_flash_ex.o(.revsh_text), (4 bytes).
    Removing stm32f1xx_hal_flash_ex.o(.rrx_text), (6 bytes).
    Removing stm32f1xx_hal_flash_ex.o(.text), (40 bytes).
    Removing stm32f1xx_hal_flash_ex.o(.text), (780 bytes).
    Removing stm32f1xx_hal_flash_ex.o(.text), (176 bytes).
    Removing stm32f1xx_hal_flash_ex.o(.text), (100 bytes).
    Removing stm32f1xx_hal_flash_ex.o(.text), (96 bytes).
    Removing stm32f1xx_hal_flash_ex.o(.text), (200 bytes).
    Removing stm32f1xx_hal_flash_ex.o(.text), (28 bytes).
    Removing stm32f1xx_hal_flash_ex.o(.text), (40 bytes).
    Removing system_stm32f1xx.o(.rev16_text), (4 bytes).
    Removing system_stm32f1xx.o(.revsh_text), (4 bytes).
    Removing system_stm32f1xx.o(.rrx_text), (6 bytes).
    Removing system_stm32f1xx.o(.text), (164 bytes).
    Removing diskio.o(.rev16_text), (4 bytes).
    Removing diskio.o(.revsh_text), (4 bytes).
    Removing diskio.o(.rrx_text), (6 bytes).
    Removing ff.o(.rev16_text), (4 bytes).
    Removing ff.o(.revsh_text), (4 bytes).
    Removing ff.o(.rrx_text), (6 bytes).
    Removing ff.o(.text), (1116 bytes).
    Removing ff.o(.text), (88 bytes).
    Removing ff.o(.text), (298 bytes).
    Removing ff.o(.text), (282 bytes).
    Removing ff.o(.text), (240 bytes).
    Removing ff.o(.text), (456 bytes).
    Removing ff.o(.text), (120 bytes).
    Removing ff.o(.text), (392 bytes).
    Removing ff.o(.text), (120 bytes).
    Removing ff.o(.text), (1728 bytes).
    Removing ff.o(.text), (86 bytes).
    Removing ff.o(.text), (64 bytes).
    Removing ff.o(.text), (74 bytes).
    Removing ff.o(.text), (628 bytes).
    Removing ff_gen_drv.o(.rev16_text), (4 bytes).
    Removing ff_gen_drv.o(.revsh_text), (4 bytes).
    Removing ff_gen_drv.o(.rrx_text), (6 bytes).
    Removing ff_gen_drv.o(.text), (68 bytes).
    Removing ff_gen_drv.o(.text), (14 bytes).
    Removing ff_gen_drv.o(.text), (12 bytes).
    Removing syscall.o(.rev16_text), (4 bytes).
    Removing syscall.o(.revsh_text), (4 bytes).
    Removing syscall.o(.rrx_text), (6 bytes).
    Removing ccsbcs.o(.rev16_text), (4 bytes).
    Removing ccsbcs.o(.revsh_text), (4 bytes).
    Removing ccsbcs.o(.rrx_text), (6 bytes).
    Removing dadd.o(.text), (334 bytes).
    Removing dmul.o(.text), (228 bytes).
    Removing ddiv.o(.text), (222 bytes).
    Removing dfixul.o(.text), (48 bytes).
    Removing cdrcmple.o(.text), (48 bytes).
    Removing depilogue.o(.text), (186 bytes).

342 unused section(s) (total 38194 bytes) removed from the image.

==============================================================================

Image Symbol Table

    Local Symbols

    Symbol Name                              Value     Ov Type        Size  Object(Section)

    ../Drivers/STM32F1xx_HAL_Driver/Src/stm32f1xx_hal.c 0x00000000   Number         0  stm32f1xx_hal.o ABSOLUTE
    ../Drivers/STM32F1xx_HAL_Driver/Src/stm32f1xx_hal_cortex.c 0x00000000   Number         0  stm32f1xx_hal_cortex.o ABSOLUTE
    ../Drivers/STM32F1xx_HAL_Driver/Src/stm32f1xx_hal_dma.c 0x00000000   Number         0  stm32f1xx_hal_dma.o ABSOLUTE
    ../Drivers/STM32F1xx_HAL_Driver/Src/stm32f1xx_hal_flash.c 0x00000000   Number         0  stm32f1xx_hal_flash.o ABSOLUTE
    ../Drivers/STM32F1xx_HAL_Driver/Src/stm32f1xx_hal_flash_ex.c 0x00000000   Number         0  stm32f1xx_hal_flash_ex.o ABSOLUTE
    ../Drivers/STM32F1xx_HAL_Driver/Src/stm32f1xx_hal_gpio.c 0x00000000   Number         0  stm32f1xx_hal_gpio.o ABSOLUTE
    ../Drivers/STM32F1xx_HAL_Driver/Src/stm32f1xx_hal_gpio_ex.c 0x00000000   Number         0  stm32f1xx_hal_gpio_ex.o ABSOLUTE
    ../Drivers/STM32F1xx_HAL_Driver/Src/stm32f1xx_hal_pwr.c 0x00000000   Number         0  stm32f1xx_hal_pwr.o ABSOLUTE
    ../Drivers/STM32F1xx_HAL_Driver/Src/stm32f1xx_hal_rcc.c 0x00000000   Number         0  stm32f1xx_hal_rcc.o ABSOLUTE
    ../Drivers/STM32F1xx_HAL_Driver/Src/stm32f1xx_hal_rcc_ex.c 0x00000000   Number         0  stm32f1xx_hal_rcc_ex.o ABSOLUTE
    ../Drivers/STM32F1xx_HAL_Driver/Src/stm32f1xx_hal_spi.c 0x00000000   Number         0  stm32f1xx_hal_spi.o ABSOLUTE
    ../Drivers/STM32F1xx_HAL_Driver/Src/stm32f1xx_hal_spi_ex.c 0x00000000   Number         0  stm32f1xx_hal_spi_ex.o ABSOLUTE
    ../Drivers/STM32F1xx_HAL_Driver/Src/stm32f1xx_hal_tim.c 0x00000000   Number         0  stm32f1xx_hal_tim.o ABSOLUTE
    ../Drivers/STM32F1xx_HAL_Driver/Src/stm32f1xx_hal_tim_ex.c 0x00000000   Number         0  stm32f1xx_hal_tim_ex.o ABSOLUTE
    ../Middlewares/Third_Party/FatFs/src/diskio.c 0x00000000   Number         0  diskio.o ABSOLUTE
    ../Middlewares/Third_Party/FatFs/src/ff.c 0x00000000   Number         0  ff.o ABSOLUTE
    ../Middlewares/Third_Party/FatFs/src/ff_gen_drv.c 0x00000000   Number         0  ff_gen_drv.o ABSOLUTE
    ../Middlewares/Third_Party/FatFs/src/option/ccsbcs.c 0x00000000   Number         0  ccsbcs.o ABSOLUTE
    ../Middlewares/Third_Party/FatFs/src/option/syscall.c 0x00000000   Number         0  syscall.o ABSOLUTE
    ../Src/fatfs.c                           0x00000000   Number         0  fatfs.o ABSOLUTE
    ../Src/main.c                            0x00000000   Number         0  main.o ABSOLUTE
    ../Src/stm32f1xx_hal_msp.c               0x00000000   Number         0  stm32f1xx_hal_msp.o ABSOLUTE
    ../Src/stm32f1xx_it.c                    0x00000000   Number         0  stm32f1xx_it.o ABSOLUTE
    ../Src/system_stm32f1xx.c                0x00000000   Number         0  system_stm32f1xx.o ABSOLUTE
    ../Src/user_diskio.c                     0x00000000   Number         0  user_diskio.o ABSOLUTE
    ../clib/../cmprslib/zerorunl2.c          0x00000000   Number         0  __dczerorl2.o ABSOLUTE
    ../clib/microlib/division.c              0x00000000   Number         0  uldiv.o ABSOLUTE
    ../clib/microlib/division.c              0x00000000   Number         0  uidiv.o ABSOLUTE
    ../clib/microlib/init/entry.s            0x00000000   Number         0  entry9b.o ABSOLUTE
    ../clib/microlib/init/entry.s            0x00000000   Number         0  entry10a.o ABSOLUTE
    ../clib/microlib/init/entry.s            0x00000000   Number         0  entry10b.o ABSOLUTE
    ../clib/microlib/init/entry.s            0x00000000   Number         0  entry11b.o ABSOLUTE
    ../clib/microlib/init/entry.s            0x00000000   Number         0  entry.o ABSOLUTE
    ../clib/microlib/init/entry.s            0x00000000   Number         0  entry11a.o ABSOLUTE
    ../clib/microlib/init/entry.s            0x00000000   Number         0  entry7a.o ABSOLUTE
    ../clib/microlib/init/entry.s            0x00000000   Number         0  entry7b.o ABSOLUTE
    ../clib/microlib/init/entry.s            0x00000000   Number         0  entry5.o ABSOLUTE
    ../clib/microlib/init/entry.s            0x00000000   Number         0  entry8a.o ABSOLUTE
    ../clib/microlib/init/entry.s            0x00000000   Number         0  entry8b.o ABSOLUTE
    ../clib/microlib/init/entry.s            0x00000000   Number         0  entry9a.o ABSOLUTE
    ../clib/microlib/init/entry.s            0x00000000   Number         0  entry2.o ABSOLUTE
    ../clib/microlib/longlong.c              0x00000000   Number         0  llshl.o ABSOLUTE
    ../clib/microlib/longlong.c              0x00000000   Number         0  llsshr.o ABSOLUTE
    ../clib/microlib/longlong.c              0x00000000   Number         0  llushr.o ABSOLUTE
    ../clib/microlib/malloc/malloc.c         0x00000000   Number         0  mallocra.o ABSOLUTE
    ../clib/microlib/malloc/malloc.c         0x00000000   Number         0  malloc.o ABSOLUTE
    ../clib/microlib/malloc/malloc.c         0x00000000   Number         0  mallocr.o ABSOLUTE
    ../clib/microlib/malloc/malloc.c         0x00000000   Number         0  malloca.o ABSOLUTE
    ../clib/microlib/malloc/mvars.c          0x00000000   Number         0  mvars.o ABSOLUTE
    ../clib/microlib/printf/printf.c         0x00000000   Number         0  printf8.o ABSOLUTE
    ../clib/microlib/printf/printf.c         0x00000000   Number         0  printf4.o ABSOLUTE
    ../clib/microlib/printf/printf.c         0x00000000   Number         0  printf5.o ABSOLUTE
    ../clib/microlib/printf/printf.c         0x00000000   Number         0  printf6.o ABSOLUTE
    ../clib/microlib/printf/printf.c         0x00000000   Number         0  printf7.o ABSOLUTE
    ../clib/microlib/printf/printf.c         0x00000000   Number         0  printf3.o ABSOLUTE
    ../clib/microlib/printf/printf.c         0x00000000   Number         0  printf2.o ABSOLUTE
    ../clib/microlib/printf/printf.c         0x00000000   Number         0  printfa.o ABSOLUTE
    ../clib/microlib/printf/printf.c         0x00000000   Number         0  printf1.o ABSOLUTE
    ../clib/microlib/printf/printf.c         0x00000000   Number         0  printf0.o ABSOLUTE
    ../clib/microlib/printf/printf.c         0x00000000   Number         0  printfb.o ABSOLUTE
    ../clib/microlib/printf/stubs.s          0x00000000   Number         0  stubs.o ABSOLUTE
    ../clib/microlib/stdio/fputc.c           0x00000000   Number         0  fputc.o ABSOLUTE
    ../clib/microlib/stdio/semi.s            0x00000000   Number         0  semi.o ABSOLUTE
    ../clib/microlib/stdio/streams.c         0x00000000   Number         0  stdout.o ABSOLUTE
    ../clib/microlib/string/memcpy.c         0x00000000   Number         0  memcpya.o ABSOLUTE
    ../clib/microlib/string/memcpy.c         0x00000000   Number         0  memcpyb.o ABSOLUTE
    ../clib/microlib/string/memset.c         0x00000000   Number         0  memseta.o ABSOLUTE
    ../clib/microlib/string/strcat.c         0x00000000   Number         0  strcat.o ABSOLUTE
    ../clib/microlib/string/strcpy.c         0x00000000   Number         0  strcpy.o ABSOLUTE
    ../clib/microlib/string/strlen.c         0x00000000   Number         0  strlen.o ABSOLUTE
    ../clib/microlib/string/strncpy.c        0x00000000   Number         0  strncpy.o ABSOLUTE
    ../clib/microlib/string/strpbrk.c        0x00000000   Number         0  strpbrk.o ABSOLUTE
    ../clib/microlib/string/strstr.c         0x00000000   Number         0  strstr.o ABSOLUTE
    ../clib/microlib/stubs.s                 0x00000000   Number         0  iusesemip.o ABSOLUTE
    ../clib/microlib/stubs.s                 0x00000000   Number         0  iusefp.o ABSOLUTE
    ../fplib/microlib/fpadd.c                0x00000000   Number         0  dadd.o ABSOLUTE
    ../fplib/microlib/fpdiv.c                0x00000000   Number         0  ddiv.o ABSOLUTE
    ../fplib/microlib/fpepilogue.c           0x00000000   Number         0  depilogue.o ABSOLUTE
    ../fplib/microlib/fpfix.c                0x00000000   Number         0  dfixul.o ABSOLUTE
    ../fplib/microlib/fpmul.c                0x00000000   Number         0  dmul.o ABSOLUTE
    ..\Drivers\STM32F1xx_HAL_Driver\Src\stm32f1xx_hal.c 0x00000000   Number         0  stm32f1xx_hal.o ABSOLUTE
    ..\Drivers\STM32F1xx_HAL_Driver\Src\stm32f1xx_hal_cortex.c 0x00000000   Number         0  stm32f1xx_hal_cortex.o ABSOLUTE
    ..\Drivers\STM32F1xx_HAL_Driver\Src\stm32f1xx_hal_dma.c 0x00000000   Number         0  stm32f1xx_hal_dma.o ABSOLUTE
    ..\Drivers\STM32F1xx_HAL_Driver\Src\stm32f1xx_hal_flash.c 0x00000000   Number         0  stm32f1xx_hal_flash.o ABSOLUTE
    ..\Drivers\STM32F1xx_HAL_Driver\Src\stm32f1xx_hal_flash_ex.c 0x00000000   Number         0  stm32f1xx_hal_flash_ex.o ABSOLUTE
    ..\Drivers\STM32F1xx_HAL_Driver\Src\stm32f1xx_hal_gpio.c 0x00000000   Number         0  stm32f1xx_hal_gpio.o ABSOLUTE
    ..\Drivers\STM32F1xx_HAL_Driver\Src\stm32f1xx_hal_gpio_ex.c 0x00000000   Number         0  stm32f1xx_hal_gpio_ex.o ABSOLUTE
    ..\Drivers\STM32F1xx_HAL_Driver\Src\stm32f1xx_hal_pwr.c 0x00000000   Number         0  stm32f1xx_hal_pwr.o ABSOLUTE
    ..\Drivers\STM32F1xx_HAL_Driver\Src\stm32f1xx_hal_rcc.c 0x00000000   Number         0  stm32f1xx_hal_rcc.o ABSOLUTE
    ..\Drivers\STM32F1xx_HAL_Driver\Src\stm32f1xx_hal_rcc_ex.c 0x00000000   Number         0  stm32f1xx_hal_rcc_ex.o ABSOLUTE
    ..\Drivers\STM32F1xx_HAL_Driver\Src\stm32f1xx_hal_spi.c 0x00000000   Number         0  stm32f1xx_hal_spi.o ABSOLUTE
    ..\Drivers\STM32F1xx_HAL_Driver\Src\stm32f1xx_hal_spi_ex.c 0x00000000   Number         0  stm32f1xx_hal_spi_ex.o ABSOLUTE
    ..\Drivers\STM32F1xx_HAL_Driver\Src\stm32f1xx_hal_tim.c 0x00000000   Number         0  stm32f1xx_hal_tim.o ABSOLUTE
    ..\Drivers\STM32F1xx_HAL_Driver\Src\stm32f1xx_hal_tim_ex.c 0x00000000   Number         0  stm32f1xx_hal_tim_ex.o ABSOLUTE
    ..\Middlewares\Third_Party\FatFs\src\diskio.c 0x00000000   Number         0  diskio.o ABSOLUTE
    ..\Middlewares\Third_Party\FatFs\src\ff.c 0x00000000   Number         0  ff.o ABSOLUTE
    ..\Middlewares\Third_Party\FatFs\src\ff_gen_drv.c 0x00000000   Number         0  ff_gen_drv.o ABSOLUTE
    ..\Middlewares\Third_Party\FatFs\src\option\ccsbcs.c 0x00000000   Number         0  ccsbcs.o ABSOLUTE
    ..\Middlewares\Third_Party\FatFs\src\option\syscall.c 0x00000000   Number         0  syscall.o ABSOLUTE
    ..\Src\Delay.c                           0x00000000   Number         0  delay.o ABSOLUTE
    ..\Src\Encoder.c                         0x00000000   Number         0  encoder.o ABSOLUTE
    ..\Src\Lcd.c                             0x00000000   Number         0  lcd.o ABSOLUTE
    ..\Src\fatfs.c                           0x00000000   Number         0  fatfs.o ABSOLUTE
    ..\Src\main.c                            0x00000000   Number         0  main.o ABSOLUTE
    ..\Src\sd.c                              0x00000000   Number         0  sd.o ABSOLUTE
    ..\Src\stm32f1xx_hal_msp.c               0x00000000   Number         0  stm32f1xx_hal_msp.o ABSOLUTE
    ..\Src\stm32f1xx_it.c                    0x00000000   Number         0  stm32f1xx_it.o ABSOLUTE
    ..\Src\system_stm32f1xx.c                0x00000000   Number         0  system_stm32f1xx.o ABSOLUTE
    ..\Src\user_diskio.c                     0x00000000   Number         0  user_diskio.o ABSOLUTE
    ..\Src\ws2812b.c                         0x00000000   Number         0  ws2812b.o ABSOLUTE
    ..\\Src\\Delay.c                         0x00000000   Number         0  delay.o ABSOLUTE
    ..\\Src\\Encoder.c                       0x00000000   Number         0  encoder.o ABSOLUTE
    ..\\Src\\Lcd.c                           0x00000000   Number         0  lcd.o ABSOLUTE
    ..\\Src\\sd.c                            0x00000000   Number         0  sd.o ABSOLUTE
    ..\\Src\\ws2812b.c                       0x00000000   Number         0  ws2812b.o ABSOLUTE
    cdrcmple.s                               0x00000000   Number         0  cdrcmple.o ABSOLUTE
    dc.s                                     0x00000000   Number         0  dc.o ABSOLUTE
    handlers.s                               0x00000000   Number         0  handlers.o ABSOLUTE
    init.s                                   0x00000000   Number         0  init.o ABSOLUTE
    startup_stm32f103xe.s                    0x00000000   Number         0  startup_stm32f103xe.o ABSOLUTE
    RESET                                    0x08000000   Section      304  startup_stm32f103xe.o(RESET)
    .ARM.Collect$$$$00000000                 0x08000130   Section        0  entry.o(.ARM.Collect$$$$00000000)
    .ARM.Collect$$$$00000001                 0x08000130   Section        4  entry2.o(.ARM.Collect$$$$00000001)
    .ARM.Collect$$$$00000004                 0x08000134   Section        4  entry5.o(.ARM.Collect$$$$00000004)
    .ARM.Collect$$$$00000008                 0x08000138   Section        0  entry7b.o(.ARM.Collect$$$$00000008)
    .ARM.Collect$$$$0000000A                 0x08000138   Section        0  entry8b.o(.ARM.Collect$$$$0000000A)
    .ARM.Collect$$$$0000000B                 0x08000138   Section        8  entry9a.o(.ARM.Collect$$$$0000000B)
    .ARM.Collect$$$$0000000D                 0x08000140   Section        0  entry10a.o(.ARM.Collect$$$$0000000D)
    .ARM.Collect$$$$0000000F                 0x08000140   Section        0  entry11a.o(.ARM.Collect$$$$0000000F)
    .ARM.Collect$$$$00002712                 0x08000140   Section        4  entry2.o(.ARM.Collect$$$$00002712)
    __lit__00000000                          0x08000140   Data           4  entry2.o(.ARM.Collect$$$$00002712)
    .text                                    0x08000144   Section       36  startup_stm32f103xe.o(.text)
    .text                                    0x08000168   Section        0  main.o(.text)
    MX_TIM3_Init                             0x08000325   Thumb Code   152  main.o(.text)
    MX_TIM2_Init                             0x080003bd   Thumb Code   102  main.o(.text)
    MX_SPI2_Init                             0x08000423   Thumb Code    60  main.o(.text)
    MX_DMA_Init                              0x0800045f   Thumb Code    48  main.o(.text)
    MX_GPIO_Init                             0x0800048f   Thumb Code   132  main.o(.text)
    .text                                    0x08000cd8   Section        0  user_diskio.o(.text)
    .text                                    0x08000e14   Section        0  fatfs.o(.text)
    .text                                    0x08000e34   Section        0  stm32f1xx_it.o(.text)
    .text                                    0x08000e7c   Section        0  stm32f1xx_hal_msp.o(.text)
    .text                                    0x08001034   Section        0  delay.o(.text)
    .text                                    0x080010e8   Section        0  encoder.o(.text)
    NVIC_EnableIRQ                           0x080012db   Thumb Code    22  encoder.o(.text)
    NVIC_DisableIRQ                          0x080012f1   Thumb Code    18  encoder.o(.text)
    .text                                    0x08001330   Section        0  lcd.o(.text)
    NVIC_EnableIRQ                           0x080015c1   Thumb Code    22  lcd.o(.text)
    NVIC_DisableIRQ                          0x080015d7   Thumb Code    18  lcd.o(.text)
    .text                                    0x080015f8   Section        0  sd.o(.text)
    Error                                    0x080015f9   Thumb Code     2  sd.o(.text)
    SD_cmd                                   0x08001683   Thumb Code   148  sd.o(.text)
    .text                                    0x08001930   Section        0  ws2812b.o(.text)
    .text                                    0x08001a54   Section        0  stm32f1xx_hal_spi.o(.text)
    SPI_WaitFlagStateUntilTimeout            0x08001add   Thumb Code   170  stm32f1xx_hal_spi.o(.text)
    SPI_CheckFlag_BSY                        0x08001b87   Thumb Code    40  stm32f1xx_hal_spi.o(.text)
    SPI_CloseTx_ISR                          0x08001dcd   Thumb Code   154  stm32f1xx_hal_spi.o(.text)
    SPI_TxISR_8BIT                           0x08001e67   Thumb Code    34  stm32f1xx_hal_spi.o(.text)
    SPI_TxISR_16BIT                          0x08001e89   Thumb Code    36  stm32f1xx_hal_spi.o(.text)
    SPI_CloseRx_ISR                          0x08001ead   Thumb Code   104  stm32f1xx_hal_spi.o(.text)
    SPI_RxISR_8BIT                           0x08001f15   Thumb Code    34  stm32f1xx_hal_spi.o(.text)
    SPI_RxISR_16BIT                          0x08001f37   Thumb Code    36  stm32f1xx_hal_spi.o(.text)
    SPI_CloseRxTx_ISR                        0x08001f5b   Thumb Code   182  stm32f1xx_hal_spi.o(.text)
    SPI_2linesTxISR_8BIT                     0x08002011   Thumb Code    50  stm32f1xx_hal_spi.o(.text)
    SPI_2linesRxISR_8BIT                     0x08002043   Thumb Code    50  stm32f1xx_hal_spi.o(.text)
    SPI_2linesTxISR_16BIT                    0x08002075   Thumb Code    52  stm32f1xx_hal_spi.o(.text)
    SPI_2linesRxISR_16BIT                    0x080020a9   Thumb Code    52  stm32f1xx_hal_spi.o(.text)
    SPI_DMAError                             0x080020dd   Thumb Code    40  stm32f1xx_hal_spi.o(.text)
    SPI_DMATransmitCplt                      0x08002105   Thumb Code   116  stm32f1xx_hal_spi.o(.text)
    SPI_DMAHalfTransmitCplt                  0x08002179   Thumb Code    14  stm32f1xx_hal_spi.o(.text)
    SPI_DMAReceiveCplt                       0x08002187   Thumb Code   104  stm32f1xx_hal_spi.o(.text)
    SPI_DMAHalfReceiveCplt                   0x080021ef   Thumb Code    14  stm32f1xx_hal_spi.o(.text)
    SPI_DMATransmitReceiveCplt               0x080021fd   Thumb Code    92  stm32f1xx_hal_spi.o(.text)
    SPI_DMAHalfTransmitReceiveCplt           0x08002259   Thumb Code    14  stm32f1xx_hal_spi.o(.text)
    SPI_AbortRx_ISR                          0x08002267   Thumb Code    98  stm32f1xx_hal_spi.o(.text)
    SPI_AbortTx_ISR                          0x080022c9   Thumb Code    26  stm32f1xx_hal_spi.o(.text)
    SPI_DMARxAbortCallback                   0x080022e3   Thumb Code    92  stm32f1xx_hal_spi.o(.text)
    SPI_DMATxAbortCallback                   0x0800233f   Thumb Code   118  stm32f1xx_hal_spi.o(.text)
    SPI_DMAAbortOnError                      0x080023b5   Thumb Code    20  stm32f1xx_hal_spi.o(.text)
    .text                                    0x080023cc   Section        0  stm32f1xx_hal_spi.o(.text)
    .text                                    0x080023ce   Section        0  stm32f1xx_hal_spi.o(.text)
    .text                                    0x080023d0   Section        0  stm32f1xx_hal_spi.o(.text)
    .text                                    0x080023d2   Section        0  stm32f1xx_hal_spi.o(.text)
    .text                                    0x080023d4   Section        0  stm32f1xx_hal_spi.o(.text)
    .text                                    0x080023d6   Section        0  stm32f1xx_hal_spi.o(.text)
    .text                                    0x080023d8   Section        0  stm32f1xx_hal_spi.o(.text)
    .text                                    0x080023da   Section        0  stm32f1xx_hal_spi.o(.text)
    .text                                    0x080023dc   Section        0  stm32f1xx_hal_spi_ex.o(.text)
    .text                                    0x08002464   Section        0  stm32f1xx_hal_tim.o(.text)
    TIM_DMAPeriodElapsedCplt                 0x08002555   Thumb Code    20  stm32f1xx_hal_tim.o(.text)
    TIM_OC4_SetConfig                        0x080029b5   Thumb Code    80  stm32f1xx_hal_tim.o(.text)
    TIM_OC3_SetConfig                        0x08002a05   Thumb Code   118  stm32f1xx_hal_tim.o(.text)
    TIM_OC1_SetConfig                        0x08002af3   Thumb Code   110  stm32f1xx_hal_tim.o(.text)
    TIM_TI4_SetConfig                        0x08002b61   Thumb Code    64  stm32f1xx_hal_tim.o(.text)
    TIM_TI3_SetConfig                        0x08002ba1   Thumb Code    60  stm32f1xx_hal_tim.o(.text)
    TIM_TI2_SetConfig                        0x08002bdd   Thumb Code    62  stm32f1xx_hal_tim.o(.text)
    TIM_DMATriggerCplt                       0x08002d23   Thumb Code    20  stm32f1xx_hal_tim.o(.text)
    TIM_ETR_SetConfig                        0x08002d37   Thumb Code    24  stm32f1xx_hal_tim.o(.text)
    TIM_ITRx_SetConfig                       0x08002d4f   Thumb Code    20  stm32f1xx_hal_tim.o(.text)
    TIM_TI1_ConfigInputStage                 0x08002d63   Thumb Code    42  stm32f1xx_hal_tim.o(.text)
    TIM_TI2_ConfigInputStage                 0x08002d8d   Thumb Code    44  stm32f1xx_hal_tim.o(.text)
    TIM_SlaveTimer_SetConfig                 0x08002ef5   Thumb Code   164  stm32f1xx_hal_tim.o(.text)
    .text                                    0x08002f98   Section        0  stm32f1xx_hal_tim_ex.o(.text)
    TIM_CCxNChannelCmd                       0x08002f99   Thumb Code    28  stm32f1xx_hal_tim_ex.o(.text)
    .text                                    0x0800301c   Section        0  stm32f1xx_hal.o(.text)
    .text                                    0x080030ac   Section        0  stm32f1xx_hal_rcc.o(.text)
    RCC_Delay                                0x080030ad   Thumb Code    36  stm32f1xx_hal_rcc.o(.text)
    .text                                    0x0800376c   Section        0  stm32f1xx_hal_gpio.o(.text)
    .text                                    0x08003ac8   Section        0  stm32f1xx_hal_dma.o(.text)
    DMA_SetConfig                            0x08003b4d   Thumb Code    44  stm32f1xx_hal_dma.o(.text)
    .text                                    0x08003fb4   Section        0  stm32f1xx_hal_cortex.o(.text)
    NVIC_SetPriority                         0x08003fb5   Thumb Code    32  stm32f1xx_hal_cortex.o(.text)
    NVIC_GetPriorityGrouping                 0x080040c3   Thumb Code    12  stm32f1xx_hal_cortex.o(.text)
    .text                                    0x080040dc   Section        0  system_stm32f1xx.o(.text)
    .text                                    0x08004134   Section        0  diskio.o(.text)
    .text                                    0x080041f8   Section        0  ff.o(.text)
    mem_cpy                                  0x080041f9   Thumb Code    26  ff.o(.text)
    mem_set                                  0x08004213   Thumb Code    20  ff.o(.text)
    mem_cmp                                  0x08004227   Thumb Code    38  ff.o(.text)
    chk_chr                                  0x0800424d   Thumb Code    20  ff.o(.text)
    chk_lock                                 0x08004261   Thumb Code   146  ff.o(.text)
    enq_lock                                 0x080042f3   Thumb Code    36  ff.o(.text)
    inc_lock                                 0x08004317   Thumb Code   238  ff.o(.text)
    dec_lock                                 0x08004405   Thumb Code    72  ff.o(.text)
    clear_lock                               0x0800444d   Thumb Code    42  ff.o(.text)
    sync_window                              0x08004477   Thumb Code   114  ff.o(.text)
    move_window                              0x080044e9   Thumb Code    62  ff.o(.text)
    sync_fs                                  0x08004527   Thumb Code   280  ff.o(.text)
    remove_chain                             0x0800498d   Thumb Code   136  ff.o(.text)
    create_chain                             0x08004a15   Thumb Code   252  ff.o(.text)
    clmt_clust                               0x08004b11   Thumb Code    76  ff.o(.text)
    dir_sdi                                  0x08004b5d   Thumb Code   308  ff.o(.text)
    dir_next                                 0x08004c91   Thumb Code   492  ff.o(.text)
    dir_alloc                                0x08004e7d   Thumb Code   108  ff.o(.text)
    ld_clust                                 0x08004ee9   Thumb Code    36  ff.o(.text)
    st_clust                                 0x08004f0d   Thumb Code    16  ff.o(.text)
    cmp_lfn                                  0x08004f1d   Thumb Code   138  ff.o(.text)
    pick_lfn                                 0x08004fa7   Thumb Code   112  ff.o(.text)
    fit_lfn                                  0x08005017   Thumb Code   122  ff.o(.text)
    gen_numname                              0x08005091   Thumb Code   176  ff.o(.text)
    sum_sfn                                  0x08005141   Thumb Code    32  ff.o(.text)
    dir_find                                 0x08005161   Thumb Code   280  ff.o(.text)
    dir_read                                 0x08005279   Thumb Code   242  ff.o(.text)
    dir_register                             0x0800536b   Thumb Code   378  ff.o(.text)
    dir_remove                               0x080054e5   Thumb Code   144  ff.o(.text)
    get_fileinfo                             0x08005575   Thumb Code   278  ff.o(.text)
    create_name                              0x0800568b   Thumb Code   558  ff.o(.text)
    follow_path                              0x080058b9   Thumb Code   166  ff.o(.text)
    get_ldnumber                             0x0800595f   Thumb Code    72  ff.o(.text)
    check_fs                                 0x080059a7   Thumb Code   150  ff.o(.text)
    find_volume                              0x08005a3d   Thumb Code  1178  ff.o(.text)
    validate                                 0x08005ed7   Thumb Code    82  ff.o(.text)
    putc_bfd                                 0x0800673b   Thumb Code    78  ff.o(.text)
    .text                                    0x0800678c   Section        0  ff.o(.text)
    .text                                    0x08006ae0   Section        0  ff_gen_drv.o(.text)
    .text                                    0x08006b44   Section        0  ccsbcs.o(.text)
    .text                                    0x08006bc4   Section        0  memseta.o(.text)
    .text                                    0x08006be8   Section        0  strcat.o(.text)
    .text                                    0x08006c00   Section        0  strstr.o(.text)
    .text                                    0x08006c24   Section        0  strncpy.o(.text)
    .text                                    0x08006c3c   Section        0  strlen.o(.text)
    .text                                    0x08006c4a   Section        0  strcpy.o(.text)
    .text                                    0x08006c5c   Section        0  strpbrk.o(.text)
    .text                                    0x08006c7c   Section        0  uidiv.o(.text)
    .text                                    0x08006ca8   Section       36  init.o(.text)
    .text                                    0x08006ccc   Section        0  __dczerorl2.o(.text)
    i.__0sprintf$1                           0x08006d24   Section        0  printf1.o(i.__0sprintf$1)
    i.__scatterload_copy                     0x08006d4c   Section       14  handlers.o(i.__scatterload_copy)
    i.__scatterload_null                     0x08006d5a   Section        2  handlers.o(i.__scatterload_null)
    i.__scatterload_zeroinit                 0x08006d5c   Section       14  handlers.o(i.__scatterload_zeroinit)
    i._printf_core                           0x08006d6c   Section        0  printf1.o(i._printf_core)
    _printf_core                             0x08006d6d   Thumb Code   336  printf1.o(i._printf_core)
    i._sputc                                 0x08006ec0   Section        0  printf1.o(i._sputc)
    _sputc                                   0x08006ec1   Thumb Code    10  printf1.o(i._sputc)
    i.free                                   0x08006ecc   Section        0  malloc.o(i.free)
    i.malloc                                 0x08006f1c   Section        0  malloc.o(i.malloc)
    .constdata                               0x08006f88   Section       24  system_stm32f1xx.o(.constdata)
    .constdata                               0x08006fa0   Section      186  ff.o(.constdata)
    ExCvt                                    0x08006fa0   Data         128  ff.o(.constdata)
    LfnOfs                                   0x08007020   Data          13  ff.o(.constdata)
    vst                                      0x0800702e   Data          22  ff.o(.constdata)
    cst                                      0x08007044   Data          22  ff.o(.constdata)
    .constdata                               0x0800705a   Section     1216  ccsbcs.o(.constdata)
    Tbl                                      0x0800705a   Data         256  ccsbcs.o(.constdata)
    tbl_lower                                0x0800715a   Data         480  ccsbcs.o(.constdata)
    tbl_upper                                0x0800733a   Data         480  ccsbcs.o(.constdata)
    .data                                    0x20000000   Section      628  main.o(.data)
    .data                                    0x20000274   Section       24  user_diskio.o(.data)
    Stat                                     0x20000274   Data           1  user_diskio.o(.data)
    .data                                    0x2000028c   Section        5  fatfs.o(.data)
    .data                                    0x20000294   Section       28  encoder.o(.data)
    .data                                    0x200002b0   Section        3  sd.o(.data)
    .data                                    0x200002b4   Section        9  stm32f1xx_hal.o(.data)
    .data                                    0x200002c0   Section        4  system_stm32f1xx.o(.data)
    .data                                    0x200002c4   Section        6  ff.o(.data)
    FatFs                                    0x200002c4   Data           4  ff.o(.data)
    Fsid                                     0x200002c8   Data           2  ff.o(.data)
    .data                                    0x200002cc   Section        4  mvars.o(.data)
    .data                                    0x200002d0   Section        4  mvars.o(.data)
    .bss                                     0x200002d4   Section     9080  main.o(.bss)
    .bss                                     0x2000264c   Section       16  encoder.o(.bss)
    .bss                                     0x2000265c   Section     3552  ws2812b.o(.bss)
    .bss                                     0x2000343c   Section      536  ff.o(.bss)
    Files                                    0x2000343c   Data          24  ff.o(.bss)
    LfnBuf                                   0x20003454   Data         512  ff.o(.bss)
    .bss                                     0x20003654   Section       12  ff_gen_drv.o(.bss)
    HEAP                                     0x20003660   Section     4096  startup_stm32f103xe.o(HEAP)
    STACK                                    0x20004660   Section     4096  startup_stm32f103xe.o(STACK)

    Global Symbols

    Symbol Name                              Value     Ov Type        Size  Object(Section)

    BuildAttributes$$THM_ISAv4$P$D$K$B$S$PE$A:L22UL41UL21$X:L11$S22US41US21$IEEE1$IW$USESV6$~STKCKD$USESV7$~SHL$OSPACE$ROPI$EBA8$MICROLIB$REQ8$PRES8$EABIv2 0x00000000   Number         0  anon$$obj.o ABSOLUTE
    __ARM_use_no_argv                        0x00000000   Number         0  main.o ABSOLUTE
    _printf_a                                0x00000000   Number         0  stubs.o ABSOLUTE
    _printf_c                                0x00000000   Number         0  stubs.o ABSOLUTE
    _printf_charcount                        0x00000000   Number         0  stubs.o ABSOLUTE
    _printf_d                                0x00000000   Number         0  stubs.o ABSOLUTE
    _printf_e                                0x00000000   Number         0  stubs.o ABSOLUTE
    _printf_f                                0x00000000   Number         0  stubs.o ABSOLUTE
    _printf_flags                            0x00000000   Number         0  stubs.o ABSOLUTE
    _printf_fp_dec                           0x00000000   Number         0  stubs.o ABSOLUTE
    _printf_fp_hex                           0x00000000   Number         0  stubs.o ABSOLUTE
    _printf_g                                0x00000000   Number         0  stubs.o ABSOLUTE
    _printf_i                                0x00000000   Number         0  stubs.o ABSOLUTE
    _printf_int_dec                          0x00000000   Number         0  stubs.o ABSOLUTE
    _printf_l                                0x00000000   Number         0  stubs.o ABSOLUTE
    _printf_lc                               0x00000000   Number         0  stubs.o ABSOLUTE
    _printf_ll                               0x00000000   Number         0  stubs.o ABSOLUTE
    _printf_lld                              0x00000000   Number         0  stubs.o ABSOLUTE
    _printf_lli                              0x00000000   Number         0  stubs.o ABSOLUTE
    _printf_llo                              0x00000000   Number         0  stubs.o ABSOLUTE
    _printf_llu                              0x00000000   Number         0  stubs.o ABSOLUTE
    _printf_llx                              0x00000000   Number         0  stubs.o ABSOLUTE
    _printf_longlong_dec                     0x00000000   Number         0  stubs.o ABSOLUTE
    _printf_longlong_hex                     0x00000000   Number         0  stubs.o ABSOLUTE
    _printf_longlong_oct                     0x00000000   Number         0  stubs.o ABSOLUTE
    _printf_ls                               0x00000000   Number         0  stubs.o ABSOLUTE
    _printf_mbtowc                           0x00000000   Number         0  stubs.o ABSOLUTE
    _printf_n                                0x00000000   Number         0  stubs.o ABSOLUTE
    _printf_o                                0x00000000   Number         0  stubs.o ABSOLUTE
    _printf_p                                0x00000000   Number         0  stubs.o ABSOLUTE
    _printf_percent                          0x00000000   Number         0  stubs.o ABSOLUTE
    _printf_pre_padding                      0x00000000   Number         0  stubs.o ABSOLUTE
    _printf_return_value                     0x00000000   Number         0  stubs.o ABSOLUTE
    _printf_s                                0x00000000   Number         0  stubs.o ABSOLUTE
    _printf_sizespec                         0x00000000   Number         0  stubs.o ABSOLUTE
    _printf_str                              0x00000000   Number         0  stubs.o ABSOLUTE
    _printf_truncate_signed                  0x00000000   Number         0  stubs.o ABSOLUTE
    _printf_truncate_unsigned                0x00000000   Number         0  stubs.o ABSOLUTE
    _printf_u                                0x00000000   Number         0  stubs.o ABSOLUTE
    _printf_wc                               0x00000000   Number         0  stubs.o ABSOLUTE
    _printf_wctomb                           0x00000000   Number         0  stubs.o ABSOLUTE
    _printf_widthprec                        0x00000000   Number         0  stubs.o ABSOLUTE
    _printf_x                                0x00000000   Number         0  stubs.o ABSOLUTE
    __cpp_initialize__aeabi_                  - Undefined Weak Reference
    __cxa_finalize                            - Undefined Weak Reference
    _clock_init                               - Undefined Weak Reference
    _microlib_exit                            - Undefined Weak Reference
    __Vectors_Size                           0x00000130   Number         0  startup_stm32f103xe.o ABSOLUTE
    __Vectors                                0x08000000   Data           4  startup_stm32f103xe.o(RESET)
    __Vectors_End                            0x08000130   Data           0  startup_stm32f103xe.o(RESET)
    __main                                   0x08000131   Thumb Code     0  entry.o(.ARM.Collect$$$$00000000)
    _main_stk                                0x08000131   Thumb Code     0  entry2.o(.ARM.Collect$$$$00000001)
    _main_scatterload                        0x08000135   Thumb Code     0  entry5.o(.ARM.Collect$$$$00000004)
    __main_after_scatterload                 0x08000139   Thumb Code     0  entry5.o(.ARM.Collect$$$$00000004)
    _main_clock                              0x08000139   Thumb Code     0  entry7b.o(.ARM.Collect$$$$00000008)
    _main_cpp_init                           0x08000139   Thumb Code     0  entry8b.o(.ARM.Collect$$$$0000000A)
    _main_init                               0x08000139   Thumb Code     0  entry9a.o(.ARM.Collect$$$$0000000B)
    __rt_final_cpp                           0x08000141   Thumb Code     0  entry10a.o(.ARM.Collect$$$$0000000D)
    __rt_final_exit                          0x08000141   Thumb Code     0  entry11a.o(.ARM.Collect$$$$0000000F)
    Reset_Handler                            0x08000145   Thumb Code     8  startup_stm32f103xe.o(.text)
    ADC1_2_IRQHandler                        0x0800015f   Thumb Code     0  startup_stm32f103xe.o(.text)
    ADC3_IRQHandler                          0x0800015f   Thumb Code     0  startup_stm32f103xe.o(.text)
    CAN1_RX1_IRQHandler                      0x0800015f   Thumb Code     0  startup_stm32f103xe.o(.text)
    CAN1_SCE_IRQHandler                      0x0800015f   Thumb Code     0  startup_stm32f103xe.o(.text)
    DMA1_Channel1_IRQHandler                 0x0800015f   Thumb Code     0  startup_stm32f103xe.o(.text)
    DMA1_Channel2_IRQHandler                 0x0800015f   Thumb Code     0  startup_stm32f103xe.o(.text)
    DMA1_Channel4_IRQHandler                 0x0800015f   Thumb Code     0  startup_stm32f103xe.o(.text)
    DMA1_Channel5_IRQHandler                 0x0800015f   Thumb Code     0  startup_stm32f103xe.o(.text)
    DMA1_Channel6_IRQHandler                 0x0800015f   Thumb Code     0  startup_stm32f103xe.o(.text)
    DMA1_Channel7_IRQHandler                 0x0800015f   Thumb Code     0  startup_stm32f103xe.o(.text)
    DMA2_Channel1_IRQHandler                 0x0800015f   Thumb Code     0  startup_stm32f103xe.o(.text)
    DMA2_Channel2_IRQHandler                 0x0800015f   Thumb Code     0  startup_stm32f103xe.o(.text)
    DMA2_Channel3_IRQHandler                 0x0800015f   Thumb Code     0  startup_stm32f103xe.o(.text)
    DMA2_Channel4_5_IRQHandler               0x0800015f   Thumb Code     0  startup_stm32f103xe.o(.text)
    EXTI15_10_IRQHandler                     0x0800015f   Thumb Code     0  startup_stm32f103xe.o(.text)
    EXTI2_IRQHandler                         0x0800015f   Thumb Code     0  startup_stm32f103xe.o(.text)
    EXTI3_IRQHandler                         0x0800015f   Thumb Code     0  startup_stm32f103xe.o(.text)
    EXTI4_IRQHandler                         0x0800015f   Thumb Code     0  startup_stm32f103xe.o(.text)
    EXTI9_5_IRQHandler                       0x0800015f   Thumb Code     0  startup_stm32f103xe.o(.text)
    FLASH_IRQHandler                         0x0800015f   Thumb Code     0  startup_stm32f103xe.o(.text)
    FSMC_IRQHandler                          0x0800015f   Thumb Code     0  startup_stm32f103xe.o(.text)
    I2C1_ER_IRQHandler                       0x0800015f   Thumb Code     0  startup_stm32f103xe.o(.text)
    I2C1_EV_IRQHandler                       0x0800015f   Thumb Code     0  startup_stm32f103xe.o(.text)
    I2C2_ER_IRQHandler                       0x0800015f   Thumb Code     0  startup_stm32f103xe.o(.text)
    I2C2_EV_IRQHandler                       0x0800015f   Thumb Code     0  startup_stm32f103xe.o(.text)
    PVD_IRQHandler                           0x0800015f   Thumb Code     0  startup_stm32f103xe.o(.text)
    RCC_IRQHandler                           0x0800015f   Thumb Code     0  startup_stm32f103xe.o(.text)
    RTC_Alarm_IRQHandler                     0x0800015f   Thumb Code     0  startup_stm32f103xe.o(.text)
    RTC_IRQHandler                           0x0800015f   Thumb Code     0  startup_stm32f103xe.o(.text)
    SDIO_IRQHandler                          0x0800015f   Thumb Code     0  startup_stm32f103xe.o(.text)
    SPI1_IRQHandler                          0x0800015f   Thumb Code     0  startup_stm32f103xe.o(.text)
    SPI2_IRQHandler                          0x0800015f   Thumb Code     0  startup_stm32f103xe.o(.text)
    SPI3_IRQHandler                          0x0800015f   Thumb Code     0  startup_stm32f103xe.o(.text)
    TAMPER_IRQHandler                        0x0800015f   Thumb Code     0  startup_stm32f103xe.o(.text)
    TIM1_BRK_IRQHandler                      0x0800015f   Thumb Code     0  startup_stm32f103xe.o(.text)
    TIM1_CC_IRQHandler                       0x0800015f   Thumb Code     0  startup_stm32f103xe.o(.text)
    TIM1_TRG_COM_IRQHandler                  0x0800015f   Thumb Code     0  startup_stm32f103xe.o(.text)
    TIM1_UP_IRQHandler                       0x0800015f   Thumb Code     0  startup_stm32f103xe.o(.text)
    TIM3_IRQHandler                          0x0800015f   Thumb Code     0  startup_stm32f103xe.o(.text)
    TIM4_IRQHandler                          0x0800015f   Thumb Code     0  startup_stm32f103xe.o(.text)
    TIM5_IRQHandler                          0x0800015f   Thumb Code     0  startup_stm32f103xe.o(.text)
    TIM6_IRQHandler                          0x0800015f   Thumb Code     0  startup_stm32f103xe.o(.text)
    TIM7_IRQHandler                          0x0800015f   Thumb Code     0  startup_stm32f103xe.o(.text)
    TIM8_BRK_IRQHandler                      0x0800015f   Thumb Code     0  startup_stm32f103xe.o(.text)
    TIM8_CC_IRQHandler                       0x0800015f   Thumb Code     0  startup_stm32f103xe.o(.text)
    TIM8_TRG_COM_IRQHandler                  0x0800015f   Thumb Code     0  startup_stm32f103xe.o(.text)
    TIM8_UP_IRQHandler                       0x0800015f   Thumb Code     0  startup_stm32f103xe.o(.text)
    UART4_IRQHandler                         0x0800015f   Thumb Code     0  startup_stm32f103xe.o(.text)
    UART5_IRQHandler                         0x0800015f   Thumb Code     0  startup_stm32f103xe.o(.text)
    USART1_IRQHandler                        0x0800015f   Thumb Code     0  startup_stm32f103xe.o(.text)
    USART2_IRQHandler                        0x0800015f   Thumb Code     0  startup_stm32f103xe.o(.text)
    USART3_IRQHandler                        0x0800015f   Thumb Code     0  startup_stm32f103xe.o(.text)
    USBWakeUp_IRQHandler                     0x0800015f   Thumb Code     0  startup_stm32f103xe.o(.text)
    USB_HP_CAN1_TX_IRQHandler                0x0800015f   Thumb Code     0  startup_stm32f103xe.o(.text)
    USB_LP_CAN1_RX0_IRQHandler               0x0800015f   Thumb Code     0  startup_stm32f103xe.o(.text)
    WWDG_IRQHandler                          0x0800015f   Thumb Code     0  startup_stm32f103xe.o(.text)
    printmenu                                0x08000169   Thumb Code   200  main.o(.text)
    printfiles                               0x08000231   Thumb Code   120  main.o(.text)
    PrintPicture                             0x080002a9   Thumb Code   114  main.o(.text)
    reset                                    0x0800031b   Thumb Code     8  main.o(.text)
    Error_Handler                            0x08000323   Thumb Code     2  main.o(.text)
    SystemClock_Config                       0x08000513   Thumb Code   176  main.o(.text)
    main                                     0x080005c3   Thumb Code  1772  main.o(.text)
    HAL_TIM_PeriodElapsedCallback            0x08000caf   Thumb Code    18  main.o(.text)
    USER_initialize                          0x08000cd9   Thumb Code    32  user_diskio.o(.text)
    USER_status                              0x08000cf9   Thumb Code    14  user_diskio.o(.text)
    USER_read                                0x08000d07   Thumb Code    76  user_diskio.o(.text)
    USER_write                               0x08000d53   Thumb Code    90  user_diskio.o(.text)
    USER_ioctl                               0x08000dad   Thumb Code    90  user_diskio.o(.text)
    MX_FATFS_Init                            0x08000e15   Thumb Code    16  fatfs.o(.text)
    get_fattime                              0x08000e25   Thumb Code     4  fatfs.o(.text)
    NMI_Handler                              0x08000e35   Thumb Code     2  stm32f1xx_it.o(.text)
    HardFault_Handler                        0x08000e37   Thumb Code     4  stm32f1xx_it.o(.text)
    MemManage_Handler                        0x08000e3b   Thumb Code     4  stm32f1xx_it.o(.text)
    BusFault_Handler                         0x08000e3f   Thumb Code     4  stm32f1xx_it.o(.text)
    UsageFault_Handler                       0x08000e43   Thumb Code     4  stm32f1xx_it.o(.text)
    SVC_Handler                              0x08000e47   Thumb Code     2  stm32f1xx_it.o(.text)
    DebugMon_Handler                         0x08000e49   Thumb Code     2  stm32f1xx_it.o(.text)
    PendSV_Handler                           0x08000e4b   Thumb Code     2  stm32f1xx_it.o(.text)
    SysTick_Handler                          0x08000e4d   Thumb Code     8  stm32f1xx_it.o(.text)
    DMA1_Channel3_IRQHandler                 0x08000e55   Thumb Code    18  stm32f1xx_it.o(.text)
    TIM2_IRQHandler                          0x08000e67   Thumb Code    10  stm32f1xx_it.o(.text)
    HAL_MspInit                              0x08000e7d   Thumb Code    58  stm32f1xx_hal_msp.o(.text)
    HAL_SPI_MspInit                          0x08000eb7   Thumb Code   124  stm32f1xx_hal_msp.o(.text)
    HAL_TIM_Base_MspInit                     0x08000f33   Thumb Code   160  stm32f1xx_hal_msp.o(.text)
    HAL_TIM_MspPostInit                      0x08000fd3   Thumb Code    72  stm32f1xx_hal_msp.o(.text)
    delay_us                                 0x08001035   Thumb Code    72  delay.o(.text)
    delay_ms                                 0x0800107d   Thumb Code    78  delay.o(.text)
    Delay_Init                               0x080010cb   Thumb Code    22  delay.o(.text)
    Encoder_Init                             0x080010e9   Thumb Code   150  encoder.o(.text)
    EXTI0_IRQHandler                         0x0800117f   Thumb Code   208  encoder.o(.text)
    EXTI1_IRQHandler                         0x0800124f   Thumb Code   140  encoder.o(.text)
    PulseLCD                                 0x08001331   Thumb Code    34  lcd.o(.text)
    SendByte                                 0x08001353   Thumb Code   164  lcd.o(.text)
    Cursor                                   0x080013f7   Thumb Code    28  lcd.o(.text)
    ClearLCDScreen                           0x08001413   Thumb Code    18  lcd.o(.text)
    LCD_Init                                 0x08001425   Thumb Code   224  lcd.o(.text)
    PrintStr                                 0x08001505   Thumb Code    52  lcd.o(.text)
    PrintVar                                 0x08001539   Thumb Code    48  lcd.o(.text)
    Cleaning                                 0x08001569   Thumb Code    64  lcd.o(.text)
    Marker                                   0x080015a9   Thumb Code    24  lcd.o(.text)
    SPIx_WriteRead                           0x080015fb   Thumb Code    38  sd.o(.text)
    SPI_ReceiveByte                          0x08001621   Thumb Code    14  sd.o(.text)
    SPI_wait_ready                           0x0800162f   Thumb Code    44  sd.o(.text)
    SD_PowerOn                               0x0800165b   Thumb Code    18  sd.o(.text)
    SPI_Release                              0x0800166d   Thumb Code    10  sd.o(.text)
    SPI_SendByte                             0x08001677   Thumb Code    12  sd.o(.text)
    SD_Read_Block                            0x08001717   Thumb Code   100  sd.o(.text)
    SD_Write_Block                           0x0800177b   Thumb Code   124  sd.o(.text)
    sd_ini                                   0x080017f7   Thumb Code   298  sd.o(.text)
    ws2812_init                              0x08001931   Thumb Code    22  ws2812b.o(.text)
    ws2812_pixel_rgb_to_buf_dma              0x08001947   Thumb Code   264  ws2812b.o(.text)
    HAL_SPI_TransmitReceive                  0x08001baf   Thumb Code   542  stm32f1xx_hal_spi.o(.text)
    HAL_SPI_TxCpltCallback                   0x080023cd   Thumb Code     2  stm32f1xx_hal_spi.o(.text)
    HAL_SPI_ErrorCallback                    0x080023cf   Thumb Code     2  stm32f1xx_hal_spi.o(.text)
    HAL_SPI_RxCpltCallback                   0x080023d1   Thumb Code     2  stm32f1xx_hal_spi.o(.text)
    HAL_SPI_TxRxCpltCallback                 0x080023d3   Thumb Code     2  stm32f1xx_hal_spi.o(.text)
    HAL_SPI_TxHalfCpltCallback               0x080023d5   Thumb Code     2  stm32f1xx_hal_spi.o(.text)
    HAL_SPI_RxHalfCpltCallback               0x080023d7   Thumb Code     2  stm32f1xx_hal_spi.o(.text)
    HAL_SPI_TxRxHalfCpltCallback             0x080023d9   Thumb Code     2  stm32f1xx_hal_spi.o(.text)
    HAL_SPI_AbortCpltCallback                0x080023db   Thumb Code     2  stm32f1xx_hal_spi.o(.text)
    HAL_SPI_Init                             0x080023dd   Thumb Code   134  stm32f1xx_hal_spi_ex.o(.text)
    TIM_Base_SetConfig                       0x08002465   Thumb Code   132  stm32f1xx_hal_tim.o(.text)
    HAL_TIM_Base_Init                        0x080024eb   Thumb Code    52  stm32f1xx_hal_tim.o(.text)
    HAL_TIM_Base_Start_IT                    0x0800251f   Thumb Code    30  stm32f1xx_hal_tim.o(.text)
    HAL_TIM_ErrorCallback                    0x0800253d   Thumb Code     2  stm32f1xx_hal_tim.o(.text)
    TIM_DMAError                             0x0800253f   Thumb Code    20  stm32f1xx_hal_tim.o(.text)
    TIM_CCxChannelCmd                        0x08002569   Thumb Code    28  stm32f1xx_hal_tim.o(.text)
    HAL_TIM_PWM_PulseFinishedCallback        0x08002585   Thumb Code     2  stm32f1xx_hal_tim.o(.text)
    TIM_DMADelayPulseCplt                    0x08002587   Thumb Code    70  stm32f1xx_hal_tim.o(.text)
    HAL_TIM_PWM_MspInit                      0x080025cd   Thumb Code     2  stm32f1xx_hal_tim.o(.text)
    HAL_TIM_PWM_Init                         0x080025cf   Thumb Code    52  stm32f1xx_hal_tim.o(.text)
    HAL_TIM_PWM_Start_DMA                    0x08002603   Thumb Code   310  stm32f1xx_hal_tim.o(.text)
    HAL_TIM_PWM_Stop_DMA                     0x08002739   Thumb Code   202  stm32f1xx_hal_tim.o(.text)
    HAL_TIM_IC_CaptureCallback               0x08002803   Thumb Code     2  stm32f1xx_hal_tim.o(.text)
    HAL_TIM_TriggerCallback                  0x08002805   Thumb Code     2  stm32f1xx_hal_tim.o(.text)
    HAL_TIM_OC_DelayElapsedCallback          0x08002807   Thumb Code     2  stm32f1xx_hal_tim.o(.text)
    HAL_TIM_IRQHandler                       0x08002809   Thumb Code   428  stm32f1xx_hal_tim.o(.text)
    TIM_OC2_SetConfig                        0x08002a7b   Thumb Code   120  stm32f1xx_hal_tim.o(.text)
    HAL_TIM_PWM_ConfigChannel                0x08002c1b   Thumb Code   264  stm32f1xx_hal_tim.o(.text)
    HAL_TIM_ConfigClockSource                0x08002db9   Thumb Code   316  stm32f1xx_hal_tim.o(.text)
    HAL_TIMEx_CommutationCallback            0x08002fb5   Thumb Code     2  stm32f1xx_hal_tim_ex.o(.text)
    HAL_TIMEx_MasterConfigSynchronization    0x08002fb7   Thumb Code    98  stm32f1xx_hal_tim_ex.o(.text)
    HAL_TIMEx_BreakCallback                  0x08003019   Thumb Code     2  stm32f1xx_hal_tim_ex.o(.text)
    HAL_InitTick                             0x0800301f   Thumb Code    64  stm32f1xx_hal.o(.text)
    HAL_Init                                 0x0800305f   Thumb Code    34  stm32f1xx_hal.o(.text)
    HAL_IncTick                              0x08003081   Thumb Code    16  stm32f1xx_hal.o(.text)
    HAL_GetTick                              0x08003091   Thumb Code     6  stm32f1xx_hal.o(.text)
    HAL_RCC_OscConfig                        0x080030d1   Thumb Code  1082  stm32f1xx_hal_rcc.o(.text)
    HAL_RCC_GetSysClockFreq                  0x0800350b   Thumb Code   116  stm32f1xx_hal_rcc.o(.text)
    HAL_RCC_ClockConfig                      0x0800357f   Thumb Code   446  stm32f1xx_hal_rcc.o(.text)
    HAL_GPIO_Init                            0x0800376d   Thumb Code   790  stm32f1xx_hal_gpio.o(.text)
    HAL_GPIO_ReadPin                         0x08003a83   Thumb Code    16  stm32f1xx_hal_gpio.o(.text)
    HAL_GPIO_WritePin                        0x08003a93   Thumb Code    12  stm32f1xx_hal_gpio.o(.text)
    HAL_DMA_Init                             0x08003ac9   Thumb Code   132  stm32f1xx_hal_dma.o(.text)
    HAL_DMA_Start_IT                         0x08003b79   Thumb Code   156  stm32f1xx_hal_dma.o(.text)
    HAL_DMA_IRQHandler                       0x08003c15   Thumb Code   920  stm32f1xx_hal_dma.o(.text)
    HAL_NVIC_SetPriorityGrouping             0x08003fd5   Thumb Code    36  stm32f1xx_hal_cortex.o(.text)
    HAL_NVIC_SetPriority                     0x08003ff9   Thumb Code   124  stm32f1xx_hal_cortex.o(.text)
    HAL_NVIC_EnableIRQ                       0x08004075   Thumb Code    26  stm32f1xx_hal_cortex.o(.text)
    HAL_SYSTICK_Config                       0x0800408f   Thumb Code    52  stm32f1xx_hal_cortex.o(.text)
    SystemInit                               0x080040dd   Thumb Code    70  system_stm32f1xx.o(.text)
    disk_status                              0x08004135   Thumb Code    24  diskio.o(.text)
    disk_initialize                          0x0800414d   Thumb Code    42  diskio.o(.text)
    disk_read                                0x08004177   Thumb Code    42  diskio.o(.text)
    disk_write                               0x080041a1   Thumb Code    42  diskio.o(.text)
    disk_ioctl                               0x080041cb   Thumb Code    36  diskio.o(.text)
    clust2sect                               0x0800463f   Thumb Code    44  ff.o(.text)
    get_fat                                  0x0800466b   Thumb Code   356  ff.o(.text)
    put_fat                                  0x080047cf   Thumb Code   446  ff.o(.text)
    f_mount                                  0x08005f29   Thumb Code   100  ff.o(.text)
    f_open                                   0x08005f8d   Thumb Code   550  ff.o(.text)
    f_read                                   0x080061b3   Thumb Code   762  ff.o(.text)
    f_sync                                   0x080064ad   Thumb Code   250  ff.o(.text)
    f_close                                  0x080065a7   Thumb Code    50  ff.o(.text)
    f_opendir                                0x080065d9   Thumb Code   198  ff.o(.text)
    f_closedir                               0x0800669f   Thumb Code    48  ff.o(.text)
    f_readdir                                0x080066cf   Thumb Code   108  ff.o(.text)
    f_write                                  0x0800678d   Thumb Code   850  ff.o(.text)
    FATFS_LinkDriverEx                       0x08006ae1   Thumb Code    78  ff_gen_drv.o(.text)
    FATFS_LinkDriver                         0x08006b2f   Thumb Code    18  ff_gen_drv.o(.text)
    ff_convert                               0x08006b45   Thumb Code    70  ccsbcs.o(.text)
    ff_wtoupper                              0x08006b8b   Thumb Code    46  ccsbcs.o(.text)
    __aeabi_memset                           0x08006bc5   Thumb Code    14  memseta.o(.text)
    __aeabi_memset4                          0x08006bc5   Thumb Code     0  memseta.o(.text)
    __aeabi_memset8                          0x08006bc5   Thumb Code     0  memseta.o(.text)
    __aeabi_memclr                           0x08006bd3   Thumb Code     4  memseta.o(.text)
    __aeabi_memclr4                          0x08006bd3   Thumb Code     0  memseta.o(.text)
    __aeabi_memclr8                          0x08006bd3   Thumb Code     0  memseta.o(.text)
    _memset$wrapper                          0x08006bd7   Thumb Code    18  memseta.o(.text)
    strcat                                   0x08006be9   Thumb Code    24  strcat.o(.text)
    strstr                                   0x08006c01   Thumb Code    36  strstr.o(.text)
    strncpy                                  0x08006c25   Thumb Code    24  strncpy.o(.text)
    strlen                                   0x08006c3d   Thumb Code    14  strlen.o(.text)
    strcpy                                   0x08006c4b   Thumb Code    18  strcpy.o(.text)
    strpbrk                                  0x08006c5d   Thumb Code    32  strpbrk.o(.text)
    __aeabi_uidiv                            0x08006c7d   Thumb Code     0  uidiv.o(.text)
    __aeabi_uidivmod                         0x08006c7d   Thumb Code    44  uidiv.o(.text)
    __scatterload                            0x08006ca9   Thumb Code    28  init.o(.text)
    __scatterload_rt2                        0x08006ca9   Thumb Code     0  init.o(.text)
    __decompress                             0x08006ccd   Thumb Code     0  __dczerorl2.o(.text)
    __decompress1                            0x08006ccd   Thumb Code    86  __dczerorl2.o(.text)
    __0sprintf$1                             0x08006d25   Thumb Code    34  printf1.o(i.__0sprintf$1)
    __1sprintf$1                             0x08006d25   Thumb Code     0  printf1.o(i.__0sprintf$1)
    __2sprintf                               0x08006d25   Thumb Code     0  printf1.o(i.__0sprintf$1)
    __scatterload_copy                       0x08006d4d   Thumb Code    14  handlers.o(i.__scatterload_copy)
    __scatterload_null                       0x08006d5b   Thumb Code     2  handlers.o(i.__scatterload_null)
    __scatterload_zeroinit                   0x08006d5d   Thumb Code    14  handlers.o(i.__scatterload_zeroinit)
    free                                     0x08006ecd   Thumb Code    76  malloc.o(i.free)
    malloc                                   0x08006f1d   Thumb Code    92  malloc.o(i.malloc)
    AHBPrescTable                            0x08006f88   Data          16  system_stm32f1xx.o(.constdata)
    APBPrescTable                            0x08006f98   Data           8  system_stm32f1xx.o(.constdata)
    Region$$Table$$Base                      0x0800751c   Number         0  anon$$obj.o(Region$$Table)
    Region$$Table$$Limit                     0x0800753c   Number         0  anon$$obj.o(Region$$Table)
    byteswritten                             0x20000000   Data           4  main.o(.data)
    bytesread                                0x20000004   Data           4  main.o(.data)
    result                                   0x20000008   Data           1  main.o(.data)
    fs                                       0x2000000c   Data           4  main.o(.data)
    NUMLEDS                                  0x20000010   Data           4  main.o(.data)
    menuArraySize                            0x20000014   Data           4  main.o(.data)
    menus                                    0x20000018   Data         320  main.o(.data)
    Images                                   0x20000158   Data         280  main.o(.data)
    GroupNow                                 0x20000270   Data           4  main.o(.data)
    USER_Driver                              0x20000278   Data          20  user_diskio.o(.data)
    retUSER                                  0x2000028c   Data           1  fatfs.o(.data)
    USERPath                                 0x2000028d   Data           4  fatfs.o(.data)
    EncoderCount                             0x20000294   Data           4  encoder.o(.data)
    EncoderMenu                              0x20000298   Data           4  encoder.o(.data)
    pinAValue                                0x2000029c   Data           4  encoder.o(.data)
    pinBValue                                0x200002a0   Data           4  encoder.o(.data)
    front                                    0x200002a4   Data           4  encoder.o(.data)
    pinButtonValue                           0x200002a8   Data           4  encoder.o(.data)
    timeButtonDown                           0x200002ac   Data           4  encoder.o(.data)
    Timer1                                   0x200002b0   Data           2  sd.o(.data)
    sdinfo                                   0x200002b2   Data           1  sd.o(.data)
    uwTick                                   0x200002b4   Data           4  stm32f1xx_hal.o(.data)
    uwTickPrio                               0x200002b8   Data           4  stm32f1xx_hal.o(.data)
    uwTickFreq                               0x200002bc   Data           1  stm32f1xx_hal.o(.data)
    SystemCoreClock                          0x200002c0   Data           4  system_stm32f1xx.o(.data)
    __microlib_freelist                      0x200002cc   Data           4  mvars.o(.data)
    __microlib_freelist_initialised          0x200002d0   Data           4  mvars.o(.data)
    hspi2                                    0x200002d4   Data          88  main.o(.bss)
    htim2                                    0x2000032c   Data          64  main.o(.bss)
    htim3                                    0x2000036c   Data          64  main.o(.bss)
    hdma_tim3_ch4_up                         0x200003ac   Data          68  main.o(.bss)
    sect                                     0x200003f0   Data         512  main.o(.bss)
    SDFatFs                                  0x200005f0   Data        4144  main.o(.bss)
    MyFile                                   0x20001620   Data        4140  main.o(.bss)
    Pins                                     0x2000264c   Data          16  encoder.o(.bss)
    BUF_DMA                                  0x2000265c   Data        3552  ws2812b.o(.bss)
    disk                                     0x20003654   Data          12  ff_gen_drv.o(.bss)
    __heap_base                              0x20003660   Data           0  startup_stm32f103xe.o(HEAP)
    __heap_limit                             0x20004660   Data           0  startup_stm32f103xe.o(HEAP)
    __initial_sp                             0x20005660   Data           0  startup_stm32f103xe.o(STACK)



==============================================================================

Memory Map of the image

  Image Entry point : 0x08000131

  Load Region LR_IROM1 (Base: 0x08000000, Size: 0x00007810, Max: 0x00040000, ABSOLUTE, COMPRESSED[0x000075f0])

    Execution Region ER_IROM1 (Base: 0x08000000, Size: 0x0000753c, Max: 0x00040000, ABSOLUTE)

    Base Addr    Size         Type   Attr      Idx    E Section Name        Object

    0x08000000   0x00000130   Data   RO            3    RESET               startup_stm32f103xe.o
    0x08000130   0x00000000   Code   RO         2437  * .ARM.Collect$$$$00000000  mc_w.l(entry.o)
    0x08000130   0x00000004   Code   RO         2745    .ARM.Collect$$$$00000001  mc_w.l(entry2.o)
    0x08000134   0x00000004   Code   RO         2748    .ARM.Collect$$$$00000004  mc_w.l(entry5.o)
    0x08000138   0x00000000   Code   RO         2750    .ARM.Collect$$$$00000008  mc_w.l(entry7b.o)
    0x08000138   0x00000000   Code   RO         2752    .ARM.Collect$$$$0000000A  mc_w.l(entry8b.o)
    0x08000138   0x00000008   Code   RO         2753    .ARM.Collect$$$$0000000B  mc_w.l(entry9a.o)
    0x08000140   0x00000000   Code   RO         2755    .ARM.Collect$$$$0000000D  mc_w.l(entry10a.o)
    0x08000140   0x00000000   Code   RO         2757    .ARM.Collect$$$$0000000F  mc_w.l(entry11a.o)
    0x08000140   0x00000004   Code   RO         2746    .ARM.Collect$$$$00002712  mc_w.l(entry2.o)
    0x08000144   0x00000024   Code   RO            4    .text               startup_stm32f103xe.o
    0x08000168   0x00000b70   Code   RO           13    .text               main.o
    0x08000cd8   0x0000013c   Code   RO          172    .text               user_diskio.o
    0x08000e14   0x00000020   Code   RO          210    .text               fatfs.o
    0x08000e34   0x00000048   Code   RO          241    .text               stm32f1xx_it.o
    0x08000e7c   0x000001b8   Code   RO          269    .text               stm32f1xx_hal_msp.o
    0x08001034   0x000000b4   Code   RO          306    .text               delay.o
    0x080010e8   0x00000248   Code   RO          336    .text               encoder.o
    0x08001330   0x000002c8   Code   RO          368    .text               lcd.o
    0x080015f8   0x00000338   Code   RO          392    .text               sd.o
    0x08001930   0x00000124   Code   RO          420    .text               ws2812b.o
    0x08001a54   0x00000978   Code   RO          490    .text               stm32f1xx_hal_spi.o
    0x080023cc   0x00000002   Code   RO          495    .text               stm32f1xx_hal_spi.o
    0x080023ce   0x00000002   Code   RO          496    .text               stm32f1xx_hal_spi.o
    0x080023d0   0x00000002   Code   RO          498    .text               stm32f1xx_hal_spi.o
    0x080023d2   0x00000002   Code   RO          499    .text               stm32f1xx_hal_spi.o
    0x080023d4   0x00000002   Code   RO          502    .text               stm32f1xx_hal_spi.o
    0x080023d6   0x00000002   Code   RO          504    .text               stm32f1xx_hal_spi.o
    0x080023d8   0x00000002   Code   RO          505    .text               stm32f1xx_hal_spi.o
    0x080023da   0x00000002   Code   RO          509    .text               stm32f1xx_hal_spi.o
    0x080023dc   0x00000086   Code   RO          676    .text               stm32f1xx_hal_spi_ex.o
    0x08002462   0x00000002   PAD
    0x08002464   0x00000b34   Code   RO          700    .text               stm32f1xx_hal_tim.o
    0x08002f98   0x00000082   Code   RO         1166    .text               stm32f1xx_hal_tim_ex.o
    0x0800301a   0x00000002   PAD
    0x0800301c   0x00000090   Code   RO         1372    .text               stm32f1xx_hal.o
    0x080030ac   0x000006c0   Code   RO         1511    .text               stm32f1xx_hal_rcc.o
    0x0800376c   0x0000035c   Code   RO         1636    .text               stm32f1xx_hal_gpio.o
    0x08003ac8   0x000004ec   Code   RO         1690    .text               stm32f1xx_hal_dma.o
    0x08003fb4   0x00000128   Code   RO         1768    .text               stm32f1xx_hal_cortex.o
    0x080040dc   0x00000058   Code   RO         2151    .text               system_stm32f1xx.o
    0x08004134   0x000000c4   Code   RO         2188    .text               diskio.o
    0x080041f8   0x00002594   Code   RO         2213    .text               ff.o
    0x0800678c   0x00000352   Code   RO         2214    .text               ff.o
    0x08006ade   0x00000002   PAD
    0x08006ae0   0x00000064   Code   RO         2338    .text               ff_gen_drv.o
    0x08006b44   0x00000080   Code   RO         2414    .text               ccsbcs.o
    0x08006bc4   0x00000024   Code   RO         2442    .text               mc_w.l(memseta.o)
    0x08006be8   0x00000018   Code   RO         2444    .text               mc_w.l(strcat.o)
    0x08006c00   0x00000024   Code   RO         2446    .text               mc_w.l(strstr.o)
    0x08006c24   0x00000018   Code   RO         2448    .text               mc_w.l(strncpy.o)
    0x08006c3c   0x0000000e   Code   RO         2450    .text               mc_w.l(strlen.o)
    0x08006c4a   0x00000012   Code   RO         2452    .text               mc_w.l(strcpy.o)
    0x08006c5c   0x00000020   Code   RO         2454    .text               mc_w.l(strpbrk.o)
    0x08006c7c   0x0000002c   Code   RO         2762    .text               mc_w.l(uidiv.o)
    0x08006ca8   0x00000024   Code   RO         2783    .text               mc_w.l(init.o)
    0x08006ccc   0x00000056   Code   RO         2801    .text               mc_w.l(__dczerorl2.o)
    0x08006d22   0x00000002   PAD
    0x08006d24   0x00000028   Code   RO         2503    i.__0sprintf$1      mc_w.l(printf1.o)
    0x08006d4c   0x0000000e   Code   RO         2795    i.__scatterload_copy  mc_w.l(handlers.o)
    0x08006d5a   0x00000002   Code   RO         2796    i.__scatterload_null  mc_w.l(handlers.o)
    0x08006d5c   0x0000000e   Code   RO         2797    i.__scatterload_zeroinit  mc_w.l(handlers.o)
    0x08006d6a   0x00000002   PAD
    0x08006d6c   0x00000154   Code   RO         2508    i._printf_core      mc_w.l(printf1.o)
    0x08006ec0   0x0000000a   Code   RO         2510    i._sputc            mc_w.l(printf1.o)
    0x08006eca   0x00000002   PAD
    0x08006ecc   0x00000050   Code   RO         2717    i.free              mc_w.l(malloc.o)
    0x08006f1c   0x0000006c   Code   RO         2718    i.malloc            mc_w.l(malloc.o)
    0x08006f88   0x00000018   Data   RO         2153    .constdata          system_stm32f1xx.o
    0x08006fa0   0x000000ba   Data   RO         2230    .constdata          ff.o
    0x0800705a   0x000004c0   Data   RO         2415    .constdata          ccsbcs.o
    0x0800751a   0x00000002   PAD
    0x0800751c   0x00000020   Data   RO         2793    Region$$Table       anon$$obj.o


    Execution Region RW_IRAM1 (Base: 0x20000000, Size: 0x00005660, Max: 0x0000c000, ABSOLUTE, COMPRESSED[0x000000b4])

    Base Addr    Size         Type   Attr      Idx    E Section Name        Object

    0x20000000   0x00000274   Data   RW           15    .data               main.o
    0x20000274   0x00000018   Data   RW          173    .data               user_diskio.o
    0x2000028c   0x00000005   Data   RW          212    .data               fatfs.o
    0x20000291   0x00000003   PAD
    0x20000294   0x0000001c   Data   RW          338    .data               encoder.o
    0x200002b0   0x00000003   Data   RW          393    .data               sd.o
    0x200002b3   0x00000001   PAD
    0x200002b4   0x00000009   Data   RW         1391    .data               stm32f1xx_hal.o
    0x200002bd   0x00000003   PAD
    0x200002c0   0x00000004   Data   RW         2154    .data               system_stm32f1xx.o
    0x200002c4   0x00000006   Data   RW         2231    .data               ff.o
    0x200002ca   0x00000002   PAD
    0x200002cc   0x00000004   Data   RW         2770    .data               mc_w.l(mvars.o)
    0x200002d0   0x00000004   Data   RW         2771    .data               mc_w.l(mvars.o)
    0x200002d4   0x00002378   Zero   RW           14    .bss                main.o
    0x2000264c   0x00000010   Zero   RW          337    .bss                encoder.o
    0x2000265c   0x00000de0   Zero   RW          422    .bss                ws2812b.o
    0x2000343c   0x00000218   Zero   RW         2229    .bss                ff.o
    0x20003654   0x0000000c   Zero   RW         2342    .bss                ff_gen_drv.o
    0x20003660   0x00001000   Zero   RW            2    HEAP                startup_stm32f103xe.o
    0x20004660   0x00001000   Zero   RW            1    STACK               startup_stm32f103xe.o


==============================================================================

Image component sizes


      Code (inc. data)   RO Data    RW Data    ZI Data      Debug   Object Name

       128         12       1216          0          0       1621   ccsbcs.o
       180          8          0          0          0        747   delay.o
       196          6          0          0          0       2345   diskio.o
       584         46          0         28         16      24052   encoder.o
        32         12          0          5          0       1142   fatfs.o
     10470         70        186          6        536      27980   ff.o
       100          4          0          0         12       1197   ff_gen_drv.o
       712         16          0          0          0       3065   lcd.o
      2928        200          0        628       9080     484940   main.o
       824         16          0          3          0       3996   sd.o
        36          8        304          0       8192        784   startup_stm32f103xe.o
       144         22          0          9          0       4763   stm32f1xx_hal.o
       296         14          0          0          0      24213   stm32f1xx_hal_cortex.o
      1260         16          0          0          0       2607   stm32f1xx_hal_dma.o
       860         42          0          0          0       2487   stm32f1xx_hal_gpio.o
       440         26          0          0          0       1878   stm32f1xx_hal_msp.o
      1728         70          0          0          0       3144   stm32f1xx_hal_rcc.o
      2440          8          0          0          0      12493   stm32f1xx_hal_spi.o
       134          0          0          0          0       1023   stm32f1xx_hal_spi_ex.o
      2868         38          0          0          0      10621   stm32f1xx_hal_tim.o
       130          0          0          0          0       1670   stm32f1xx_hal_tim_ex.o
        72         12          0          0          0       1543   stm32f1xx_it.o
         0          0          0          0          0        504   syscall.o
        88         18         24          4          0       1103   system_stm32f1xx.o
       316         14          0         24          0       2681   user_diskio.o
       292          6          0          0       3552       1352   ws2812b.o

    ----------------------------------------------------------------------
     27264        684       1764        716      21388     623951   Object Totals
         0          0         32          0          0          0   (incl. Generated)
         6          0          2          9          0          0   (incl. Padding)

    ----------------------------------------------------------------------

      Code (inc. data)   RO Data    RW Data    ZI Data      Debug   Library Member Name

        86          0          0          0          0          0   __dczerorl2.o
         0          0          0          0          0          0   entry.o
         0          0          0          0          0          0   entry10a.o
         0          0          0          0          0          0   entry11a.o
         8          4          0          0          0          0   entry2.o
         4          0          0          0          0          0   entry5.o
         0          0          0          0          0          0   entry7b.o
         0          0          0          0          0          0   entry8b.o
         8          4          0          0          0          0   entry9a.o
        30          0          0          0          0          0   handlers.o
        36          8          0          0          0         68   init.o
       188         20          0          0          0        160   malloc.o
        36          0          0          0          0        108   memseta.o
         0          0          0          8          0          0   mvars.o
       390         10          0          0          0        252   printf1.o
        24          0          0          0          0         68   strcat.o
        18          0          0          0          0         68   strcpy.o
        14          0          0          0          0         68   strlen.o
        24          0          0          0          0         76   strncpy.o
        32          0          0          0          0         76   strpbrk.o
        36          0          0          0          0         80   strstr.o
        44          0          0          0          0         80   uidiv.o

    ----------------------------------------------------------------------
       984         46          0          8          0       1104   Library Totals
         6          0          0          0          0          0   (incl. Padding)

    ----------------------------------------------------------------------

      Code (inc. data)   RO Data    RW Data    ZI Data      Debug   Library Name

       978         46          0          8          0       1104   mc_w.l

    ----------------------------------------------------------------------
       984         46          0          8          0       1104   Library Totals

    ----------------------------------------------------------------------

==============================================================================


      Code (inc. data)   RO Data    RW Data    ZI Data      Debug   

     28248        730       1764        724      21388     622635   Grand Totals
     28248        730       1764        180      21388     622635   ELF Image Totals (compressed)
     28248        730       1764        180          0          0   ROM Totals

==============================================================================

    Total RO  Size (Code + RO Data)                30012 (  29.31kB)
    Total RW  Size (RW Data + ZI Data)             22112 (  21.59kB)
    Total ROM Size (Code + RO Data + RW Data)      30192 (  29.48kB)

==============================================================================

